Archive member included to satisfy reference by file (symbol)

/home/josemario/UCR/IS-2023/LaboratorioMicrocontroladores/Laboratorio4/libopencm3-examples/libopencm3/lib/libopencm3_stm32f4.a(fmc_common_f47.o)
                              sdram.o (sdram_timing)
/home/josemario/UCR/IS-2023/LaboratorioMicrocontroladores/Laboratorio4/libopencm3-examples/libopencm3/lib/libopencm3_stm32f4.a(gpio_common_all.o)
                              lcd-spi.o (gpio_set)
/home/josemario/UCR/IS-2023/LaboratorioMicrocontroladores/Laboratorio4/libopencm3-examples/libopencm3/lib/libopencm3_stm32f4.a(gpio_common_f0234.o)
                              sdram.o (gpio_mode_setup)
/home/josemario/UCR/IS-2023/LaboratorioMicrocontroladores/Laboratorio4/libopencm3-examples/libopencm3/lib/libopencm3_stm32f4.a(rcc_common_all.o)
                              sdram.o (rcc_periph_clock_enable)
/home/josemario/UCR/IS-2023/LaboratorioMicrocontroladores/Laboratorio4/libopencm3-examples/libopencm3/lib/libopencm3_stm32f4.a(rcc.o)
                              clock.o (rcc_clock_setup_pll)
/home/josemario/UCR/IS-2023/LaboratorioMicrocontroladores/Laboratorio4/libopencm3-examples/libopencm3/lib/libopencm3_stm32f4.a(spi_common_all.o)
                              lcd-spi.o (spi_enable)
/home/josemario/UCR/IS-2023/LaboratorioMicrocontroladores/Laboratorio4/libopencm3-examples/libopencm3/lib/libopencm3_stm32f4.a(spi_common_v1.o)
                              lcd-spi.o (spi_init_master)
/home/josemario/UCR/IS-2023/LaboratorioMicrocontroladores/Laboratorio4/libopencm3-examples/libopencm3/lib/libopencm3_stm32f4.a(usart_common_all.o)
                              console.o (usart_set_baudrate)
/home/josemario/UCR/IS-2023/LaboratorioMicrocontroladores/Laboratorio4/libopencm3-examples/libopencm3/lib/libopencm3_stm32f4.a(usart_common_f124.o)
                              /home/josemario/UCR/IS-2023/LaboratorioMicrocontroladores/Laboratorio4/libopencm3-examples/libopencm3/lib/libopencm3_stm32f4.a(usart_common_all.o) (usart_send)
/home/josemario/UCR/IS-2023/LaboratorioMicrocontroladores/Laboratorio4/libopencm3-examples/libopencm3/lib/libopencm3_stm32f4.a(vector.o)
                              (reset_handler)
/home/josemario/UCR/IS-2023/LaboratorioMicrocontroladores/Laboratorio4/libopencm3-examples/libopencm3/lib/libopencm3_stm32f4.a(systick.o)
                              clock.o (systick_set_reload)
/home/josemario/UCR/IS-2023/LaboratorioMicrocontroladores/Laboratorio4/libopencm3-examples/libopencm3/lib/libopencm3_stm32f4.a(scb.o)
                              console.o (scb_reset_system)
/home/josemario/UCR/IS-2023/LaboratorioMicrocontroladores/Laboratorio4/libopencm3-examples/libopencm3/lib/libopencm3_stm32f4.a(nvic.o)
                              console.o (nvic_enable_irq)
/home/josemario/UCR/IS-2023/LaboratorioMicrocontroladores/Laboratorio4/libopencm3-examples/libopencm3/lib/libopencm3_stm32f4.a(flash_common_all.o)
                              /home/josemario/UCR/IS-2023/LaboratorioMicrocontroladores/Laboratorio4/libopencm3-examples/libopencm3/lib/libopencm3_stm32f4.a(rcc.o) (flash_set_ws)
/home/josemario/UCR/IS-2023/LaboratorioMicrocontroladores/Laboratorio4/libopencm3-examples/libopencm3/lib/libopencm3_stm32f4.a(flash_common_idcache.o)
                              /home/josemario/UCR/IS-2023/LaboratorioMicrocontroladores/Laboratorio4/libopencm3-examples/libopencm3/lib/libopencm3_stm32f4.a(rcc.o) (flash_dcache_enable)
/home/josemario/UCR/IS-2023/LaboratorioMicrocontroladores/Laboratorio4/libopencm3-examples/libopencm3/lib/libopencm3_stm32f4.a(pwr.o)
                              /home/josemario/UCR/IS-2023/LaboratorioMicrocontroladores/Laboratorio4/libopencm3-examples/libopencm3/lib/libopencm3_stm32f4.a(rcc.o) (pwr_set_vos_scale)
/usr/lib/gcc/arm-none-eabi/10.3.1/../../../arm-none-eabi/lib/thumb/v7e-m+fp/hard/libc.a(lib_a-sprintf.o)
                              lcd-serial.o (sprintf)
/usr/lib/gcc/arm-none-eabi/10.3.1/../../../arm-none-eabi/lib/thumb/v7e-m+fp/hard/libc.a(lib_a-svfprintf.o)
                              /usr/lib/gcc/arm-none-eabi/10.3.1/../../../arm-none-eabi/lib/thumb/v7e-m+fp/hard/libc.a(lib_a-sprintf.o) (_svfprintf_r)
/usr/lib/gcc/arm-none-eabi/10.3.1/../../../arm-none-eabi/lib/thumb/v7e-m+fp/hard/libc.a(lib_a-dtoa.o)
                              /usr/lib/gcc/arm-none-eabi/10.3.1/../../../arm-none-eabi/lib/thumb/v7e-m+fp/hard/libc.a(lib_a-svfprintf.o) (_dtoa_r)
/usr/lib/gcc/arm-none-eabi/10.3.1/../../../arm-none-eabi/lib/thumb/v7e-m+fp/hard/libc.a(lib_a-impure.o)
                              /usr/lib/gcc/arm-none-eabi/10.3.1/../../../arm-none-eabi/lib/thumb/v7e-m+fp/hard/libc.a(lib_a-sprintf.o) (_impure_ptr)
/usr/lib/gcc/arm-none-eabi/10.3.1/../../../arm-none-eabi/lib/thumb/v7e-m+fp/hard/libc.a(lib_a-localeconv.o)
                              /usr/lib/gcc/arm-none-eabi/10.3.1/../../../arm-none-eabi/lib/thumb/v7e-m+fp/hard/libc.a(lib_a-svfprintf.o) (_localeconv_r)
[...]
Memory Configuration

Name             Origin             Length             Attributes
rom              0x0000000008000000 0x0000000000200000 xr
ccm              0x0000000010000000 0x0000000000010000 xrw
ram              0x0000000020000000 0x0000000000030000 xrw
*default*        0x0000000000000000 0xffffffffffffffff

Linker script and memory map

LOAD sdram.o
LOAD clock.o
LOAD console.o
LOAD lcd-spi.o
LOAD gfx.o
LOAD lcd-serial.o
LOAD /usr/lib/gcc/arm-none-eabi/10.3.1/../../../arm-none-eabi/lib/thumb/v7e-m+fp/hard/libm.a
LOAD /home/josemario/UCR/IS-2023/LaboratorioMicrocontroladores/Laboratorio4/libopencm3-examples/libopencm3/lib/libopencm3_stm32f4.a
START GROUP
LOAD /usr/lib/gcc/arm-none-eabi/10.3.1/../../../arm-none-eabi/lib/thumb/v7e-m+fp/hard/libc.a
LOAD /usr/lib/gcc/arm-none-eabi/10.3.1/thumb/v7e-m+fp/hard/libgcc.a
LOAD /usr/lib/gcc/arm-none-eabi/10.3.1/../../../arm-none-eabi/lib/thumb/v7e-m+fp/hard/libnosys.a
END GROUP
START GROUP
LOAD /usr/lib/gcc/arm-none-eabi/10.3.1/thumb/v7e-m+fp/hard/libgcc.a
LOAD /usr/lib/gcc/arm-none-eabi/10.3.1/../../../arm-none-eabi/lib/thumb/v7e-m+fp/hard/libg.a
LOAD /usr/lib/gcc/arm-none-eabi/10.3.1/../../../arm-none-eabi/lib/thumb/v7e-m+fp/hard/libc.a
END GROUP

.text           0x0000000008000000     0xa104
 *(.vectors)
 .vectors       0x0000000008000000      0x1ac /home/josemario/UCR/IS-2023/LaboratorioMicrocontroladores/Laboratorio4/libopencm3-examples/libopencm3/lib/libopencm3_stm32f4.a(vector.o)
                0x0000000008000000                vector_table
 *(.text*)
 .text.sdram_init
                0x00000000080001ac       0xf0 sdram.o
                0x00000000080001ac                sdram_init
 .text.sys_tick_handler
                0x000000000800029c       0x10 clock.o
                0x000000000800029c                sys_tick_handler
 .text.msleep   0x00000000080002ac       0x14 clock.o
                0x00000000080002ac                msleep
 .text.clock_setup
                0x00000000080002c0       0x28 clock.o
                0x00000000080002c0                clock_setup
 .text.usart1_isr
                0x00000000080002e8       0x50 console.o
                0x00000000080002e8                usart1_isr
 .text.console_putc
                0x0000000008000338       0x10 console.o
                0x0000000008000338                console_putc
 .text.console_puts
                0x0000000008000348       0x1e console.o
                0x0000000008000348                console_puts
 *fill*         0x0000000008000366        0x2 
 .text.console_setup
                0x0000000008000368       0x80 console.o
                0x0000000008000368                console_setup
 .text.lcd_command
                0x00000000080003e8       0x64 lcd-spi.o
 .text.print_hex.isra.0
                0x000000000800044c       0x44 lcd-spi.o
 .text.lcd_draw_pixel
                0x0000000008000490       0x14 lcd-spi.o
                0x0000000008000490                lcd_draw_pixel
 .text.lcd_show_frame
                0x00000000080004a4       0x68 lcd-spi.o
                0x00000000080004a4                lcd_show_frame
 .text.lcd_spi_init
                0x000000000800050c      0x1b0 lcd-spi.o
                0x000000000800050c                lcd_spi_init
 .text.gfx_drawPixel
                0x00000000080006bc       0x2c gfx.o
                0x00000000080006bc                gfx_drawPixel
 .text.gfx_init
                0x00000000080006e8       0x20 gfx.o
                0x00000000080006e8                gfx_init
 .text.gfx_drawCircleHelper
                0x0000000008000708       0xd8 gfx.o
                0x0000000008000708                gfx_drawCircleHelper
 .text.gfx_drawLine
                0x00000000080007e0       0xb4 gfx.o
                0x00000000080007e0                gfx_drawLine
 .text.gfx_drawFastVLine
                0x0000000008000894       0x16 gfx.o
                0x0000000008000894                gfx_drawFastVLine
 .text.gfx_fillCircleHelper
                0x00000000080008aa       0xfc gfx.o
                0x00000000080008aa                gfx_fillCircleHelper
 .text.gfx_fillCircle
                0x00000000080009a6       0x30 gfx.o
                0x00000000080009a6                gfx_fillCircle
 .text.gfx_drawFastHLine
                0x00000000080009d6       0x16 gfx.o
                0x00000000080009d6                gfx_drawFastHLine
 .text.gfx_fillRect
                0x00000000080009ec       0x2a gfx.o
                0x00000000080009ec                gfx_fillRect
 *fill*         0x0000000008000a16        0x2 
 .text.gfx_fillScreen
                0x0000000008000a18       0x20 gfx.o
                0x0000000008000a18                gfx_fillScreen
 .text.gfx_drawRoundRect
                0x0000000008000a38       0xd6 gfx.o
                0x0000000008000a38                gfx_drawRoundRect
 .text.gfx_fillRoundRect
                0x0000000008000b0e       0x78 gfx.o
                0x0000000008000b0e                gfx_fillRoundRect
 *fill*         0x0000000008000b86        0x2 
 .text.gfx_drawChar
                0x0000000008000b88       0xe4 gfx.o
                0x0000000008000b88                gfx_drawChar
 .text.gfx_write
                0x0000000008000c6c       0x70 gfx.o
                0x0000000008000c6c                gfx_write
 .text.gfx_puts
                0x0000000008000cdc       0x12 gfx.o
                0x0000000008000cdc                gfx_puts
 *fill*         0x0000000008000cee        0x2 
 .text.gfx_setCursor
                0x0000000008000cf0        0xc gfx.o
                0x0000000008000cf0                gfx_setCursor
 .text.gfx_setTextSize
                0x0000000008000cfc       0x10 gfx.o
                0x0000000008000cfc                gfx_setTextSize
 .text.gfx_setTextColor
                0x0000000008000d0c        0xc gfx.o
                0x0000000008000d0c                gfx_setTextColor
 .text.spi_setup
                0x0000000008000d18       0xbc lcd-serial.o
                0x0000000008000d18                spi_setup
 .text.print_decimal
                0x0000000008000dd4       0x52 lcd-serial.o
                0x0000000008000dd4                print_decimal
 *fill*         0x0000000008000e26        0x2 
 .text.startup.main
                0x0000000008000e28      0x46c lcd-serial.o
                0x0000000008000e28                main
 .text.sdram_timing
                0x0000000008001294       0x4e /home/josemario/UCR/IS-2023/LaboratorioMicrocontroladores/Laboratorio4/libopencm3-examples/libopencm3/lib/libopencm3_stm32f4.a(fmc_common_f47.o)
                0x0000000008001294                sdram_timing
 *fill*         0x00000000080012e2        0x2 
 .text.sdram_command
                0x00000000080012e4       0x60 /home/josemario/UCR/IS-2023/LaboratorioMicrocontroladores/Laboratorio4/libopencm3-examples/libopencm3/lib/libopencm3_stm32f4.a(fmc_common_f47.o)
                0x00000000080012e4                sdram_command
 .text.gpio_set
                0x0000000008001344        0x4 /home/josemario/UCR/IS-2023/LaboratorioMicrocontroladores/Laboratorio4/libopencm3-examples/libopencm3/lib/libopencm3_stm32f4.a(gpio_common_all.o)
                0x0000000008001344                gpio_set
 .text.gpio_clear
                0x0000000008001348        0x6 /home/josemario/UCR/IS-2023/LaboratorioMicrocontroladores/Laboratorio4/libopencm3-examples/libopencm3/lib/libopencm3_stm32f4.a(gpio_common_all.o)
                0x0000000008001348                gpio_clear
 .text.gpio_mode_setup
                0x000000000800134e       0x40 /home/josemario/UCR/IS-2023/LaboratorioMicrocontroladores/Laboratorio4/libopencm3-examples/libopencm3/lib/libopencm3_stm32f4.a(gpio_common_f0234.o)
                0x000000000800134e                gpio_mode_setup
 .text.gpio_set_output_options
                0x000000000800138e       0x36 /home/josemario/UCR/IS-2023/LaboratorioMicrocontroladores/Laboratorio4/libopencm3-examples/libopencm3/lib/libopencm3_stm32f4.a(gpio_common_f0234.o)
                0x000000000800138e                gpio_set_output_options
 .text.gpio_set_af
                0x00000000080013c4       0x58 /home/josemario/UCR/IS-2023/LaboratorioMicrocontroladores/Laboratorio4/libopencm3-examples/libopencm3/lib/libopencm3_stm32f4.a(gpio_common_f0234.o)
                0x00000000080013c4                gpio_set_af
 .text.rcc_periph_clock_enable
                0x000000000800141c       0x1c /home/josemario/UCR/IS-2023/LaboratorioMicrocontroladores/Laboratorio4/libopencm3-examples/libopencm3/lib/libopencm3_stm32f4.a(rcc_common_all.o)
                0x000000000800141c                rcc_periph_clock_enable
 .text.rcc_is_osc_ready
                0x0000000008001438       0x64 /home/josemario/UCR/IS-2023/LaboratorioMicrocontroladores/Laboratorio4/libopencm3-examples/libopencm3/lib/libopencm3_stm32f4.a(rcc.o)
                0x0000000008001438                rcc_is_osc_ready
 .text.rcc_wait_for_osc_ready
                0x000000000800149c       0x10 /home/josemario/UCR/IS-2023/LaboratorioMicrocontroladores/Laboratorio4/libopencm3-examples/libopencm3/lib/libopencm3_stm32f4.a(rcc.o)
                0x000000000800149c                rcc_wait_for_osc_ready
 .text.rcc_osc_on
                0x00000000080014ac       0x74 /home/josemario/UCR/IS-2023/LaboratorioMicrocontroladores/Laboratorio4/libopencm3-examples/libopencm3/lib/libopencm3_stm32f4.a(rcc.o)
                0x00000000080014ac                rcc_osc_on
 .text.rcc_osc_off
                0x0000000008001520       0x74 /home/josemario/UCR/IS-2023/LaboratorioMicrocontroladores/Laboratorio4/libopencm3-examples/libopencm3/lib/libopencm3_stm32f4.a(rcc.o)
                0x0000000008001520                rcc_osc_off
 .text.rcc_set_sysclk_source
                0x0000000008001594       0x18 /home/josemario/UCR/IS-2023/LaboratorioMicrocontroladores/Laboratorio4/libopencm3-examples/libopencm3/lib/libopencm3_stm32f4.a(rcc.o)
                0x0000000008001594                rcc_set_sysclk_source
 .text.rcc_set_ppre2
                0x00000000080015ac       0x18 /home/josemario/UCR/IS-2023/LaboratorioMicrocontroladores/Laboratorio4/libopencm3-examples/libopencm3/lib/libopencm3_stm32f4.a(rcc.o)
                0x00000000080015ac                rcc_set_ppre2
 .text.rcc_set_ppre1
                0x00000000080015c4       0x18 /home/josemario/UCR/IS-2023/LaboratorioMicrocontroladores/Laboratorio4/libopencm3-examples/libopencm3/lib/libopencm3_stm32f4.a(rcc.o)
                0x00000000080015c4                rcc_set_ppre1
 .text.rcc_set_hpre
                0x00000000080015dc       0x18 /home/josemario/UCR/IS-2023/LaboratorioMicrocontroladores/Laboratorio4/libopencm3-examples/libopencm3/lib/libopencm3_stm32f4.a(rcc.o)
                0x00000000080015dc                rcc_set_hpre
 .text.rcc_set_main_pll_hsi
                0x00000000080015f4       0x44 /home/josemario/UCR/IS-2023/LaboratorioMicrocontroladores/Laboratorio4/libopencm3-examples/libopencm3/lib/libopencm3_stm32f4.a(rcc.o)
                0x00000000080015f4                rcc_set_main_pll_hsi
 .text.rcc_set_main_pll_hse
                0x0000000008001638       0x44 /home/josemario/UCR/IS-2023/LaboratorioMicrocontroladores/Laboratorio4/libopencm3-examples/libopencm3/lib/libopencm3_stm32f4.a(rcc.o)
                0x0000000008001638                rcc_set_main_pll_hse
 .text.rcc_clock_setup_pll
                0x000000000800167c       0xe4 /home/josemario/UCR/IS-2023/LaboratorioMicrocontroladores/Laboratorio4/libopencm3-examples/libopencm3/lib/libopencm3_stm32f4.a(rcc.o)
                0x000000000800167c                rcc_clock_setup_pll
 .text.rcc_get_usart_clk_freq
                0x0000000008001760       0x20 /home/josemario/UCR/IS-2023/LaboratorioMicrocontroladores/Laboratorio4/libopencm3-examples/libopencm3/lib/libopencm3_stm32f4.a(rcc.o)
                0x0000000008001760                rcc_get_usart_clk_freq
 .text.spi_enable
                0x0000000008001780        0xa /home/josemario/UCR/IS-2023/LaboratorioMicrocontroladores/Laboratorio4/libopencm3-examples/libopencm3/lib/libopencm3_stm32f4.a(spi_common_all.o)
                0x0000000008001780                spi_enable
 .text.spi_send
                0x000000000800178a        0xa /home/josemario/UCR/IS-2023/LaboratorioMicrocontroladores/Laboratorio4/libopencm3-examples/libopencm3/lib/libopencm3_stm32f4.a(spi_common_all.o)
                0x000000000800178a                spi_send
 .text.spi_read
                0x0000000008001794        0xc /home/josemario/UCR/IS-2023/LaboratorioMicrocontroladores/Laboratorio4/libopencm3-examples/libopencm3/lib/libopencm3_stm32f4.a(spi_common_all.o)
                0x0000000008001794                spi_read
 .text.spi_xfer
                0x00000000080017a0        0xe /home/josemario/UCR/IS-2023/LaboratorioMicrocontroladores/Laboratorio4/libopencm3-examples/libopencm3/lib/libopencm3_stm32f4.a(spi_common_all.o)
                0x00000000080017a0                spi_xfer
 .text.spi_set_unidirectional_mode
                0x00000000080017ae        0xa /home/josemario/UCR/IS-2023/LaboratorioMicrocontroladores/Laboratorio4/libopencm3-examples/libopencm3/lib/libopencm3_stm32f4.a(spi_common_all.o)
                0x00000000080017ae                spi_set_unidirectional_mode
 .text.spi_set_full_duplex_mode
                0x00000000080017b8        0xa /home/josemario/UCR/IS-2023/LaboratorioMicrocontroladores/Laboratorio4/libopencm3-examples/libopencm3/lib/libopencm3_stm32f4.a(spi_common_all.o)
                0x00000000080017b8                spi_set_full_duplex_mode
 .text.spi_enable_software_slave_management
                0x00000000080017c2       0x12 /home/josemario/UCR/IS-2023/LaboratorioMicrocontroladores/Laboratorio4/libopencm3-examples/libopencm3/lib/libopencm3_stm32f4.a(spi_common_all.o)
                0x00000000080017c2                spi_enable_software_slave_management
 .text.spi_set_nss_high
                0x00000000080017d4        0xa /home/josemario/UCR/IS-2023/LaboratorioMicrocontroladores/Laboratorio4/libopencm3-examples/libopencm3/lib/libopencm3_stm32f4.a(spi_common_all.o)
                0x00000000080017d4                spi_set_nss_high
 .text.spi_send_msb_first
                0x00000000080017de        0xa /home/josemario/UCR/IS-2023/LaboratorioMicrocontroladores/Laboratorio4/libopencm3-examples/libopencm3/lib/libopencm3_stm32f4.a(spi_common_all.o)
                0x00000000080017de                spi_send_msb_first
 .text.spi_set_baudrate_prescaler
                0x00000000080017e8       0x16 /home/josemario/UCR/IS-2023/LaboratorioMicrocontroladores/Laboratorio4/libopencm3-examples/libopencm3/lib/libopencm3_stm32f4.a(spi_common_all.o)
                0x00000000080017e8                spi_set_baudrate_prescaler
 .text.spi_set_master_mode
                0x00000000080017fe        0xa /home/josemario/UCR/IS-2023/LaboratorioMicrocontroladores/Laboratorio4/libopencm3-examples/libopencm3/lib/libopencm3_stm32f4.a(spi_common_all.o)
                0x00000000080017fe                spi_set_master_mode
 .text.spi_set_clock_polarity_0
                0x0000000008001808        0xa /home/josemario/UCR/IS-2023/LaboratorioMicrocontroladores/Laboratorio4/libopencm3-examples/libopencm3/lib/libopencm3_stm32f4.a(spi_common_all.o)
                0x0000000008001808                spi_set_clock_polarity_0
 .text.spi_set_clock_phase_0
                0x0000000008001812        0xa /home/josemario/UCR/IS-2023/LaboratorioMicrocontroladores/Laboratorio4/libopencm3-examples/libopencm3/lib/libopencm3_stm32f4.a(spi_common_all.o)
                0x0000000008001812                spi_set_clock_phase_0
 .text.spi_enable_ss_output
                0x000000000800181c        0xa /home/josemario/UCR/IS-2023/LaboratorioMicrocontroladores/Laboratorio4/libopencm3-examples/libopencm3/lib/libopencm3_stm32f4.a(spi_common_all.o)
                0x000000000800181c                spi_enable_ss_output
 .text.spi_init_master
                0x0000000008001826       0x28 /home/josemario/UCR/IS-2023/LaboratorioMicrocontroladores/Laboratorio4/libopencm3-examples/libopencm3/lib/libopencm3_stm32f4.a(spi_common_v1.o)
                0x0000000008001826                spi_init_master
 .text.usart_set_baudrate
                0x000000000800184e       0x16 /home/josemario/UCR/IS-2023/LaboratorioMicrocontroladores/Laboratorio4/libopencm3-examples/libopencm3/lib/libopencm3_stm32f4.a(usart_common_all.o)
                0x000000000800184e                usart_set_baudrate
 .text.usart_set_databits
                0x0000000008001864       0x12 /home/josemario/UCR/IS-2023/LaboratorioMicrocontroladores/Laboratorio4/libopencm3-examples/libopencm3/lib/libopencm3_stm32f4.a(usart_common_all.o)
                0x0000000008001864                usart_set_databits
 .text.usart_set_stopbits
                0x0000000008001876        0xc /home/josemario/UCR/IS-2023/LaboratorioMicrocontroladores/Laboratorio4/libopencm3-examples/libopencm3/lib/libopencm3_stm32f4.a(usart_common_all.o)
                0x0000000008001876                usart_set_stopbits
 .text.usart_set_parity
                0x0000000008001882        0xc /home/josemario/UCR/IS-2023/LaboratorioMicrocontroladores/Laboratorio4/libopencm3-examples/libopencm3/lib/libopencm3_stm32f4.a(usart_common_all.o)
                0x0000000008001882                usart_set_parity
 .text.usart_set_mode
                0x000000000800188e        0xc /home/josemario/UCR/IS-2023/LaboratorioMicrocontroladores/Laboratorio4/libopencm3-examples/libopencm3/lib/libopencm3_stm32f4.a(usart_common_all.o)
                0x000000000800188e                usart_set_mode
 .text.usart_set_flow_control
                0x000000000800189a        0xc /home/josemario/UCR/IS-2023/LaboratorioMicrocontroladores/Laboratorio4/libopencm3-examples/libopencm3/lib/libopencm3_stm32f4.a(usart_common_all.o)
                0x000000000800189a                usart_set_flow_control
 .text.usart_enable
                0x00000000080018a6        0xa /home/josemario/UCR/IS-2023/LaboratorioMicrocontroladores/Laboratorio4/libopencm3-examples/libopencm3/lib/libopencm3_stm32f4.a(usart_common_all.o)
                0x00000000080018a6                usart_enable
 .text.usart_enable_rx_interrupt
                0x00000000080018b0        0xa /home/josemario/UCR/IS-2023/LaboratorioMicrocontroladores/Laboratorio4/libopencm3-examples/libopencm3/lib/libopencm3_stm32f4.a(usart_common_all.o)
                0x00000000080018b0                usart_enable_rx_interrupt
 .text.blocking_handler
                0x00000000080018ba        0x2 /home/josemario/UCR/IS-2023/LaboratorioMicrocontroladores/Laboratorio4/libopencm3-examples/libopencm3/lib/libopencm3_stm32f4.a(vector.o)
                0x00000000080018ba                dma2_stream1_isr
                0x00000000080018ba                tim8_brk_tim12_isr
                0x00000000080018ba                dma1_stream7_isr
                0x00000000080018ba                usart3_isr
                0x00000000080018ba                tim7_isr
                0x00000000080018ba                dma2d_isr
                0x00000000080018ba                uart8_isr
                0x00000000080018ba                dma1_stream2_isr
                0x00000000080018ba                otg_hs_isr
                0x00000000080018ba                blocking_handler
                0x00000000080018ba                tim5_isr
                0x00000000080018ba                rtc_wkup_isr
                0x00000000080018ba                otg_fs_isr
                0x00000000080018ba                spi1_isr
                0x00000000080018ba                i2c3_er_isr
                0x00000000080018ba                exti2_isr
                0x00000000080018ba                spi5_isr
                0x00000000080018ba                usb_fs_wkup_isr
                0x00000000080018ba                tamp_stamp_isr
                0x00000000080018ba                can1_rx1_isr
                0x00000000080018ba                dma2_stream0_isr
                0x00000000080018ba                i2c3_ev_isr
                0x00000000080018ba                usage_fault_handler
                0x00000000080018ba                can2_rx0_isr
                0x00000000080018ba                dma1_stream6_isr
                0x00000000080018ba                can2_rx1_isr
                0x00000000080018ba                can1_sce_isr
                0x00000000080018ba                tim1_cc_isr
                0x00000000080018ba                can1_tx_isr
                0x00000000080018ba                tim1_up_tim10_isr
                0x00000000080018ba                sdio_isr
                0x00000000080018ba                eth_isr
                0x00000000080018ba                spi6_isr
                0x00000000080018ba                dma2_stream5_isr
                0x00000000080018ba                pvd_isr
                0x00000000080018ba                can1_rx0_isr
                0x00000000080018ba                rcc_isr
                0x00000000080018ba                dma2_stream3_isr
                0x00000000080018ba                flash_isr
                0x00000000080018ba                uart4_isr
                0x00000000080018ba                lcd_tft_isr
                0x00000000080018ba                rtc_alarm_isr
                0x00000000080018ba                exti15_10_isr
                0x00000000080018ba                hash_rng_isr
                0x00000000080018ba                tim1_trg_com_tim11_isr
                0x00000000080018ba                hard_fault_handler
                0x00000000080018ba                exti1_isr
                0x00000000080018ba                i2c1_ev_isr
                0x00000000080018ba                usart6_isr
                0x00000000080018ba                spi2_isr
                0x00000000080018ba                cryp_isr
                0x00000000080018ba                nvic_wwdg_isr
                0x00000000080018ba                dma1_stream1_isr
                0x00000000080018ba                dma2_stream4_isr
                0x00000000080018ba                exti3_isr
                0x00000000080018ba                tim3_isr
                0x00000000080018ba                usart2_isr
                0x00000000080018ba                sai1_isr
                0x00000000080018ba                fpu_isr
                0x00000000080018ba                dma1_stream4_isr
                0x00000000080018ba                i2c2_er_isr
                0x00000000080018ba                i2c2_ev_isr
                0x00000000080018ba                uart5_isr
                0x00000000080018ba                dma2_stream6_isr
                0x00000000080018ba                spi4_isr
                0x00000000080018ba                adc_isr
                0x00000000080018ba                dma2_stream7_isr
                0x00000000080018ba                tim8_up_tim13_isr
                0x00000000080018ba                fsmc_isr
                0x00000000080018ba                exti4_isr
                0x00000000080018ba                tim6_dac_isr
                0x00000000080018ba                dma1_stream3_isr
                0x00000000080018ba                tim8_trg_com_tim14_isr
                0x00000000080018ba                mem_manage_handler
                0x00000000080018ba                lcd_tft_err_isr
                0x00000000080018ba                can2_tx_isr
                0x00000000080018ba                exti9_5_isr
                0x00000000080018ba                tim1_brk_tim9_isr
                0x00000000080018ba                uart7_isr
                0x00000000080018ba                can2_sce_isr
                0x00000000080018ba                tim4_isr
                0x00000000080018ba                otg_hs_wkup_isr
                0x00000000080018ba                i2c1_er_isr
                0x00000000080018ba                dma1_stream0_isr
                0x00000000080018ba                tim8_cc_isr
                0x00000000080018ba                dcmi_isr
                0x00000000080018ba                dma2_stream2_isr
                0x00000000080018ba                eth_wkup_isr
                0x00000000080018ba                bus_fault_handler
                0x00000000080018ba                otg_hs_ep1_out_isr
                0x00000000080018ba                spi3_isr
                0x00000000080018ba                dma1_stream5_isr
                0x00000000080018ba                otg_hs_ep1_in_isr
                0x00000000080018ba                tim2_isr
                0x00000000080018ba                exti0_isr
 .text.null_handler
                0x00000000080018bc        0x2 /home/josemario/UCR/IS-2023/LaboratorioMicrocontroladores/Laboratorio4/libopencm3-examples/libopencm3/lib/libopencm3_stm32f4.a(vector.o)
                0x00000000080018bc                null_handler
                0x00000000080018bc                sv_call_handler
                0x00000000080018bc                pend_sv_handler
                0x00000000080018bc                debug_monitor_handler
                0x00000000080018bc                nmi_handler
 *fill*         0x00000000080018be        0x2 
 .text.reset_handler
                0x00000000080018c0       0xa0 /home/josemario/UCR/IS-2023/LaboratorioMicrocontroladores/Laboratorio4/libopencm3-examples/libopencm3/lib/libopencm3_stm32f4.a(vector.o)
                0x00000000080018c0                reset_handler
 .text.systick_set_reload
                0x0000000008001960        0xc /home/josemario/UCR/IS-2023/LaboratorioMicrocontroladores/Laboratorio4/libopencm3-examples/libopencm3/lib/libopencm3_stm32f4.a(systick.o)
                0x0000000008001960                systick_set_reload
 .text.systick_set_clocksource
                0x000000000800196c       0x14 /home/josemario/UCR/IS-2023/LaboratorioMicrocontroladores/Laboratorio4/libopencm3-examples/libopencm3/lib/libopencm3_stm32f4.a(systick.o)
                0x000000000800196c                systick_set_clocksource
 .text.systick_interrupt_enable
                0x0000000008001980        0xe /home/josemario/UCR/IS-2023/LaboratorioMicrocontroladores/Laboratorio4/libopencm3-examples/libopencm3/lib/libopencm3_stm32f4.a(systick.o)
                0x0000000008001980                systick_interrupt_enable
 .text.systick_counter_enable
                0x000000000800198e        0xe /home/josemario/UCR/IS-2023/LaboratorioMicrocontroladores/Laboratorio4/libopencm3-examples/libopencm3/lib/libopencm3_stm32f4.a(systick.o)
                0x000000000800198e                systick_counter_enable
 .text.scb_reset_system
                0x000000000800199c       0x10 /home/josemario/UCR/IS-2023/LaboratorioMicrocontroladores/Laboratorio4/libopencm3-examples/libopencm3/lib/libopencm3_stm32f4.a(scb.o)
                0x000000000800199c                scb_reset_system
 .text.nvic_enable_irq
                0x00000000080019ac       0x1c /home/josemario/UCR/IS-2023/LaboratorioMicrocontroladores/Laboratorio4/libopencm3-examples/libopencm3/lib/libopencm3_stm32f4.a(nvic.o)
                0x00000000080019ac                nvic_enable_irq
 .text.flash_set_ws
                0x00000000080019c8       0x18 /home/josemario/UCR/IS-2023/LaboratorioMicrocontroladores/Laboratorio4/libopencm3-examples/libopencm3/lib/libopencm3_stm32f4.a(flash_common_all.o)
                0x00000000080019c8                flash_set_ws
 .text.flash_dcache_enable
                0x00000000080019e0       0x14 /home/josemario/UCR/IS-2023/LaboratorioMicrocontroladores/Laboratorio4/libopencm3-examples/libopencm3/lib/libopencm3_stm32f4.a(flash_common_idcache.o)
                0x00000000080019e0                flash_dcache_enable
 .text.flash_dcache_disable
                0x00000000080019f4       0x14 /home/josemario/UCR/IS-2023/LaboratorioMicrocontroladores/Laboratorio4/libopencm3-examples/libopencm3/lib/libopencm3_stm32f4.a(flash_common_idcache.o)
                0x00000000080019f4                flash_dcache_disable
 .text.flash_icache_enable
                0x0000000008001a08       0x14 /home/josemario/UCR/IS-2023/LaboratorioMicrocontroladores/Laboratorio4/libopencm3-examples/libopencm3/lib/libopencm3_stm32f4.a(flash_common_idcache.o)
                0x0000000008001a08                flash_icache_enable
 .text.flash_icache_disable
                0x0000000008001a1c       0x14 /home/josemario/UCR/IS-2023/LaboratorioMicrocontroladores/Laboratorio4/libopencm3-examples/libopencm3/lib/libopencm3_stm32f4.a(flash_common_idcache.o)
                0x0000000008001a1c                flash_icache_disable
 .text.pwr_set_vos_scale
                0x0000000008001a30       0x18 /home/josemario/UCR/IS-2023/LaboratorioMicrocontroladores/Laboratorio4/libopencm3-examples/libopencm3/lib/libopencm3_stm32f4.a(pwr.o)
                0x0000000008001a30                pwr_set_vos_scale
 .text          0x0000000008001a48       0x78 /usr/lib/gcc/arm-none-eabi/10.3.1/../../../arm-none-eabi/lib/thumb/v7e-m+fp/hard/libc.a(lib_a-sprintf.o)
                0x0000000008001a48                _sprintf_r
                0x0000000008001a80                sprintf
 .text          0x0000000008001ac0     0x14bc /usr/lib/gcc/arm-none-eabi/10.3.1/../../../arm-none-eabi/lib/thumb/v7e-m+fp/hard/libc.a(lib_a-svfprintf.o)
                0x0000000008001ac0                _svfprintf_r
 *fill*         0x0000000008002f7c        0x4 
 .text          0x0000000008002f80     0x1064 /usr/lib/gcc/arm-none-eabi/10.3.1/../../../arm-none-eabi/lib/thumb/v7e-m+fp/hard/libc.a(lib_a-dtoa.o)
                0x00000000080030a8                _dtoa_r
 .text          0x0000000008003fe4       0x14 /usr/lib/gcc/arm-none-eabi/10.3.1/../../../arm-none-eabi/lib/thumb/v7e-m+fp/hard/libc.a(lib_a-localeconv.o)
                0x0000000008003fe4                __localeconv_l
                0x0000000008003fe8                _localeconv_r
                0x0000000008003ff0                localeconv
 .text          0x0000000008003ff8      0x554 /usr/lib/gcc/arm-none-eabi/10.3.1/../../../arm-none-eabi/lib/thumb/v7e-m+fp/hard/libc.a(lib_a-mallocr.o)
                0x0000000008003ff8                _malloc_r
 *fill*         0x000000000800454c        0x4 
 .text          0x0000000008004550       0xa0 /usr/lib/gcc/arm-none-eabi/10.3.1/../../../arm-none-eabi/lib/thumb/v7e-m+fp/hard/libc.a(lib_a-memchr.o)
                0x0000000008004550                memchr
 .text          0x00000000080045f0      0x134 /usr/lib/gcc/arm-none-eabi/10.3.1/../../../arm-none-eabi/lib/thumb/v7e-m+fp/hard/libc.a(lib_a-memcpy.o)
                0x00000000080045f0                memcpy
 .text          0x0000000008004724        0x8 /usr/lib/gcc/arm-none-eabi/10.3.1/../../../arm-none-eabi/lib/thumb/v7e-m+fp/hard/libc.a(lib_a-mlock.o)
                0x0000000008004724                __malloc_lock
                0x0000000008004728                __malloc_unlock
 .text          0x000000000800472c      0xaa0 /usr/lib/gcc/arm-none-eabi/10.3.1/../../../arm-none-eabi/lib/thumb/v7e-m+fp/hard/libc.a(lib_a-mprec.o)
                0x000000000800472c                _Balloc
                0x0000000008004778                _Bfree
                0x000000000800478c                __multadd
                0x0000000008004834                __s2b
                0x00000000080048e8                __hi0bits
                0x0000000008004928                __lo0bits
                0x0000000008004988                __i2b
                0x00000000080049e4                __multiply
                0x0000000008004b40                __pow5mult
                0x0000000008004c00                __lshift
                0x0000000008004cf0                __mcmp
                0x0000000008004d34                __mdiff
                0x0000000008004e80                __ulp
                0x0000000008004ee0                __b2d
                0x0000000008004fa0                __d2b
                0x0000000008005070                __ratio
                0x00000000080050cc                _mprec_log10
                0x000000000800510c                __copybits
                0x0000000008005168                __any_on
 .text          0x00000000080051cc       0x24 /usr/lib/gcc/arm-none-eabi/10.3.1/../../../arm-none-eabi/lib/thumb/v7e-m+fp/hard/libc.a(lib_a-sbrkr.o)
                0x00000000080051cc                _sbrk_r
 *fill*         0x00000000080051f0       0x10 
 .text          0x0000000008005200       0xdc /usr/lib/gcc/arm-none-eabi/10.3.1/../../../arm-none-eabi/lib/thumb/v7e-m+fp/hard/libc.a(lib_a-strlen.o)
                0x0000000008005200                strlen
 .text          0x00000000080052dc      0xb54 /usr/lib/gcc/arm-none-eabi/10.3.1/../../../arm-none-eabi/lib/thumb/v7e-m+fp/hard/libc.a(lib_a-svfiprintf.o)
                0x00000000080052dc                __ssprint_r
                0x00000000080053d4                _svfiprintf_r
 .text          0x0000000008005e30       0x4c /usr/lib/gcc/arm-none-eabi/10.3.1/../../../arm-none-eabi/lib/thumb/v7e-m+fp/hard/libc.a(lib_a-assert.o)
                0x0000000008005e30                __assert_func
                0x0000000008005e70                __assert
 .text          0x0000000008005e7c       0x60 /usr/lib/gcc/arm-none-eabi/10.3.1/../../../arm-none-eabi/lib/thumb/v7e-m+fp/hard/libc.a(lib_a-callocr.o)
                0x0000000008005e7c                _calloc_r
 .text          0x0000000008005edc       0x44 /usr/lib/gcc/arm-none-eabi/10.3.1/../../../arm-none-eabi/lib/thumb/v7e-m+fp/hard/libc.a(lib_a-fiprintf.o)
                0x0000000008005edc                _fiprintf_r
                0x0000000008005ef8                fiprintf
 .text          0x0000000008005f20      0x2ac /usr/lib/gcc/arm-none-eabi/10.3.1/../../../arm-none-eabi/lib/thumb/v7e-m+fp/hard/libc.a(lib_a-freer.o)
                0x0000000008005f20                _malloc_trim_r
                0x0000000008005fc0                _free_r
 .text          0x00000000080061cc       0x8c /usr/lib/gcc/arm-none-eabi/10.3.1/../../../arm-none-eabi/lib/thumb/v7e-m+fp/hard/libc.a(lib_a-locale.o)
                0x00000000080061cc                _setlocale_r
                0x000000000800620c                __locale_mb_cur_max
                0x0000000008006218                setlocale
 .text          0x0000000008006258       0x40 /usr/lib/gcc/arm-none-eabi/10.3.1/../../../arm-none-eabi/lib/thumb/v7e-m+fp/hard/libc.a(lib_a-mbtowc_r.o)
                0x0000000008006258                _mbtowc_r
                0x000000000800626c                __ascii_mbtowc
 .text          0x0000000008006298       0xf8 /usr/lib/gcc/arm-none-eabi/10.3.1/../../../arm-none-eabi/lib/thumb/v7e-m+fp/hard/libc.a(lib_a-memmove.o)
                0x0000000008006298                memmove
 .text          0x0000000008006390       0xa4 /usr/lib/gcc/arm-none-eabi/10.3.1/../../../arm-none-eabi/lib/thumb/v7e-m+fp/hard/libc.a(lib_a-memset.o)
                0x0000000008006390                memset
 .text          0x0000000008006434      0x3d8 /usr/lib/gcc/arm-none-eabi/10.3.1/../../../arm-none-eabi/lib/thumb/v7e-m+fp/hard/libc.a(lib_a-reallocr.o)
                0x0000000008006434                _realloc_r
 *fill*         0x000000000800680c       0x14 
 .text          0x0000000008006820      0x2dc /usr/lib/gcc/arm-none-eabi/10.3.1/../../../arm-none-eabi/lib/thumb/v7e-m+fp/hard/libc.a(lib_a-strcmp.o)
                0x0000000008006828                strcmp
 .text          0x0000000008006afc      0xd44 /usr/lib/gcc/arm-none-eabi/10.3.1/../../../arm-none-eabi/lib/thumb/v7e-m+fp/hard/libc.a(lib_a-vfiprintf.o)
                0x0000000008006b74                __sprint_r
                0x0000000008006b8c                _vfiprintf_r
                0x00000000080077b8                vfiprintf
 .text          0x0000000008007840       0x30 /usr/lib/gcc/arm-none-eabi/10.3.1/../../../arm-none-eabi/lib/thumb/v7e-m+fp/hard/libc.a(lib_a-wctomb_r.o)
                0x0000000008007840                _wctomb_r
                0x0000000008007854                __ascii_wctomb
 .text          0x0000000008007870       0xd4 /usr/lib/gcc/arm-none-eabi/10.3.1/../../../arm-none-eabi/lib/thumb/v7e-m+fp/hard/libc.a(lib_a-wsetup.o)
                0x0000000008007870                __swsetup_r
 .text          0x0000000008007944       0x10 /usr/lib/gcc/arm-none-eabi/10.3.1/../../../arm-none-eabi/lib/thumb/v7e-m+fp/hard/libc.a(lib_a-abort.o)
                0x0000000008007944                abort
 .text          0x0000000008007954      0x1ac /usr/lib/gcc/arm-none-eabi/10.3.1/../../../arm-none-eabi/lib/thumb/v7e-m+fp/hard/libc.a(lib_a-fflush.o)
                0x0000000008007954                __sflush_r
                0x0000000008007a84                _fflush_r
                0x0000000008007ab0                fflush
 .text          0x0000000008007b00      0x218 /usr/lib/gcc/arm-none-eabi/10.3.1/../../../arm-none-eabi/lib/thumb/v7e-m+fp/hard/libc.a(lib_a-findfp.o)
                0x0000000008007b04                _cleanup_r
                0x0000000008007bec                __sfmoreglue
                0x0000000008007c1c                __sfp
                0x0000000008007cc4                _cleanup
                0x0000000008007cd8                __sinit
                0x0000000008007ce0                __sfp_lock_acquire
                0x0000000008007ce4                __sfp_lock_release
                0x0000000008007ce8                __sinit_lock_acquire
                0x0000000008007cec                __sinit_lock_release
                0x0000000008007cf0                __fp_lock_all
                0x0000000008007d04                __fp_unlock_all
 .text          0x0000000008007d18      0x118 /usr/lib/gcc/arm-none-eabi/10.3.1/../../../arm-none-eabi/lib/thumb/v7e-m+fp/hard/libc.a(lib_a-fputwc.o)
                0x0000000008007d18                __fputwc
                0x0000000008007dc0                _fputwc_r
                0x0000000008007de8                fputwc
 .text          0x0000000008007e30      0x2f0 /usr/lib/gcc/arm-none-eabi/10.3.1/../../../arm-none-eabi/lib/thumb/v7e-m+fp/hard/libc.a(lib_a-fvwrite.o)
                0x0000000008007e30                __sfvwrite_r
 .text          0x0000000008008120       0x88 /usr/lib/gcc/arm-none-eabi/10.3.1/../../../arm-none-eabi/lib/thumb/v7e-m+fp/hard/libc.a(lib_a-fwalk.o)
                0x0000000008008120                _fwalk
                0x0000000008008160                _fwalk_reent
 .text          0x00000000080081a8      0x140 /usr/lib/gcc/arm-none-eabi/10.3.1/../../../arm-none-eabi/lib/thumb/v7e-m+fp/hard/libc.a(lib_a-makebuf.o)
                0x00000000080081a8                __smakebuf_r
                0x0000000008008288                __swhatbuf_r
 .text          0x00000000080082e8      0x288 /usr/lib/gcc/arm-none-eabi/10.3.1/../../../arm-none-eabi/lib/thumb/v7e-m+fp/hard/libc.a(lib_a-signal.o)
                0x00000000080082e8                _init_signal_r
                0x0000000008008318                _signal_r
                0x0000000008008364                _raise_r
                0x00000000080083bc                __sigtramp_r
                0x0000000008008420                raise
                0x000000000800847c                signal
                0x00000000080084d0                _init_signal
                0x0000000008008508                __sigtramp
 .text          0x0000000008008570       0x30 /usr/lib/gcc/arm-none-eabi/10.3.1/../../../arm-none-eabi/lib/thumb/v7e-m+fp/hard/libc.a(lib_a-signalr.o)
                0x0000000008008570                _kill_r
                0x000000000800859c                _getpid_r
 .text          0x00000000080085a0       0x90 /usr/lib/gcc/arm-none-eabi/10.3.1/../../../arm-none-eabi/lib/thumb/v7e-m+fp/hard/libc.a(lib_a-stdio.o)
                0x00000000080085a0                __sread
                0x00000000080085c4                __seofread
                0x00000000080085c8                __swrite
                0x0000000008008608                __sseek
                0x0000000008008628                __sclose
 .text          0x0000000008008630       0xc8 /usr/lib/gcc/arm-none-eabi/10.3.1/../../../arm-none-eabi/lib/thumb/v7e-m+fp/hard/libc.a(lib_a-wbuf.o)
                0x0000000008008630                __swbuf_r
                0x00000000080086e0                __swbuf
 .text          0x00000000080086f8       0x88 /usr/lib/gcc/arm-none-eabi/10.3.1/../../../arm-none-eabi/lib/thumb/v7e-m+fp/hard/libc.a(lib_a-wcrtomb.o)
                0x00000000080086f8                _wcrtomb_r
                0x0000000008008734                wcrtomb
 .text          0x0000000008008780       0x2c /usr/lib/gcc/arm-none-eabi/10.3.1/../../../arm-none-eabi/lib/thumb/v7e-m+fp/hard/libc.a(lib_a-writer.o)
                0x0000000008008780                _write_r
 .text          0x00000000080087ac       0x24 /usr/lib/gcc/arm-none-eabi/10.3.1/../../../arm-none-eabi/lib/thumb/v7e-m+fp/hard/libc.a(lib_a-closer.o)
                0x00000000080087ac                _close_r
 .text          0x00000000080087d0       0xd4 /usr/lib/gcc/arm-none-eabi/10.3.1/../../../arm-none-eabi/lib/thumb/v7e-m+fp/hard/libc.a(lib_a-fclose.o)
                0x0000000008008834                _fclose_r
                0x0000000008008868                fclose
 .text          0x00000000080088a4       0x2c /usr/lib/gcc/arm-none-eabi/10.3.1/../../../arm-none-eabi/lib/thumb/v7e-m+fp/hard/libc.a(lib_a-fstatr.o)
                0x00000000080088a4                _fstat_r
 .text          0x00000000080088d0       0x24 /usr/lib/gcc/arm-none-eabi/10.3.1/../../../arm-none-eabi/lib/thumb/v7e-m+fp/hard/libc.a(lib_a-isattyr.o)
                0x00000000080088d0                _isatty_r
 .text          0x00000000080088f4       0x2c /usr/lib/gcc/arm-none-eabi/10.3.1/../../../arm-none-eabi/lib/thumb/v7e-m+fp/hard/libc.a(lib_a-lseekr.o)
                0x00000000080088f4                _lseek_r
 .text          0x0000000008008920       0x2c /usr/lib/gcc/arm-none-eabi/10.3.1/../../../arm-none-eabi/lib/thumb/v7e-m+fp/hard/libc.a(lib_a-readr.o)
                0x0000000008008920                _read_r
 .text          0x000000000800894c      0x378 /usr/lib/gcc/arm-none-eabi/10.3.1/thumb/v7e-m+fp/hard/libgcc.a(_arm_addsubdf3.o)
                0x000000000800894c                __aeabi_drsub
                0x0000000008008954                __aeabi_dsub
                0x0000000008008954                __subdf3
                0x0000000008008958                __adddf3
                0x0000000008008958                __aeabi_dadd
                0x0000000008008bd0                __aeabi_ui2d
                0x0000000008008bd0                __floatunsidf
                0x0000000008008bf0                __floatsidf
                0x0000000008008bf0                __aeabi_i2d
                0x0000000008008c14                __extendsfdf2
                0x0000000008008c14                __aeabi_f2d
                0x0000000008008c58                __aeabi_ul2d
                0x0000000008008c58                __floatundidf
                0x0000000008008c68                __floatdidf
                0x0000000008008c68                __aeabi_l2d
 .text          0x0000000008008cc4      0x424 /usr/lib/gcc/arm-none-eabi/10.3.1/thumb/v7e-m+fp/hard/libgcc.a(_arm_muldivdf3.o)
                0x0000000008008cc4                __aeabi_dmul
                0x0000000008008cc4                __muldf3
                0x0000000008008f18                __aeabi_ddiv
                0x0000000008008f18                __divdf3
 .text          0x00000000080090e8      0x110 /usr/lib/gcc/arm-none-eabi/10.3.1/thumb/v7e-m+fp/hard/libgcc.a(_arm_cmpdf2.o)
                0x00000000080090e8                __gtdf2
                0x00000000080090e8                __gedf2
                0x00000000080090f0                __ltdf2
                0x00000000080090f0                __ledf2
                0x00000000080090f8                __cmpdf2
                0x00000000080090f8                __eqdf2
                0x00000000080090f8                __nedf2
                0x0000000008009174                __aeabi_cdrcmple
                0x0000000008009184                __aeabi_cdcmple
                0x0000000008009184                __aeabi_cdcmpeq
                0x0000000008009194                __aeabi_dcmpeq
                0x00000000080091a8                __aeabi_dcmplt
                0x00000000080091bc                __aeabi_dcmple
                0x00000000080091d0                __aeabi_dcmpge
                0x00000000080091e4                __aeabi_dcmpgt
 .text          0x00000000080091f8       0x2c /usr/lib/gcc/arm-none-eabi/10.3.1/thumb/v7e-m+fp/hard/libgcc.a(_arm_unorddf2.o)
                0x00000000080091f8                __aeabi_dcmpun
                0x00000000080091f8                __unorddf2
 .text          0x0000000008009224       0x50 /usr/lib/gcc/arm-none-eabi/10.3.1/thumb/v7e-m+fp/hard/libgcc.a(_arm_fixdfsi.o)
                0x0000000008009224                __fixdfsi
                0x0000000008009224                __aeabi_d2iz
 .text          0x0000000008009274       0x30 /usr/lib/gcc/arm-none-eabi/10.3.1/thumb/v7e-m+fp/hard/libgcc.a(_aeabi_uldivmod.o)
                0x0000000008009274                __aeabi_uldivmod
 .text          0x00000000080092a4      0x2d0 /usr/lib/gcc/arm-none-eabi/10.3.1/thumb/v7e-m+fp/hard/libgcc.a(_udivmoddi4.o)
                0x00000000080092a4                __udivmoddi4
 .text          0x0000000008009574        0x4 /usr/lib/gcc/arm-none-eabi/10.3.1/thumb/v7e-m+fp/hard/libgcc.a(_dvmd_tls.o)
                0x0000000008009574                __aeabi_ldiv0
                0x0000000008009574                __aeabi_idiv0
 .text          0x0000000008009578       0x10 /usr/lib/gcc/arm-none-eabi/10.3.1/../../../arm-none-eabi/lib/thumb/v7e-m+fp/hard/libnosys.a(close.o)
                0x0000000008009578                _close
 .text          0x0000000008009588       0x10 /usr/lib/gcc/arm-none-eabi/10.3.1/../../../arm-none-eabi/lib/thumb/v7e-m+fp/hard/libnosys.a(fstat.o)
                0x0000000008009588                _fstat
 .text          0x0000000008009598       0x10 /usr/lib/gcc/arm-none-eabi/10.3.1/../../../arm-none-eabi/lib/thumb/v7e-m+fp/hard/libnosys.a(getpid.o)
                0x0000000008009598                _getpid
 .text          0x00000000080095a8       0x10 /usr/lib/gcc/arm-none-eabi/10.3.1/../../../arm-none-eabi/lib/thumb/v7e-m+fp/hard/libnosys.a(isatty.o)
                0x00000000080095a8                _isatty
 .text          0x00000000080095b8       0x10 /usr/lib/gcc/arm-none-eabi/10.3.1/../../../arm-none-eabi/lib/thumb/v7e-m+fp/hard/libnosys.a(kill.o)
                0x00000000080095b8                _kill
 .text          0x00000000080095c8       0x10 /usr/lib/gcc/arm-none-eabi/10.3.1/../../../arm-none-eabi/lib/thumb/v7e-m+fp/hard/libnosys.a(lseek.o)
                0x00000000080095c8                _lseek
 .text          0x00000000080095d8       0x10 /usr/lib/gcc/arm-none-eabi/10.3.1/../../../arm-none-eabi/lib/thumb/v7e-m+fp/hard/libnosys.a(read.o)
                0x00000000080095d8                _read
 .text          0x00000000080095e8       0x1c /usr/lib/gcc/arm-none-eabi/10.3.1/../../../arm-none-eabi/lib/thumb/v7e-m+fp/hard/libnosys.a(sbrk.o)
                0x00000000080095e8                _sbrk
 .text          0x0000000008009604       0x10 /usr/lib/gcc/arm-none-eabi/10.3.1/../../../arm-none-eabi/lib/thumb/v7e-m+fp/hard/libnosys.a(write.o)
                0x0000000008009604                _write
 .text          0x0000000008009614        0x4 /usr/lib/gcc/arm-none-eabi/10.3.1/../../../arm-none-eabi/lib/thumb/v7e-m+fp/hard/libnosys.a(_exit.o)
                0x0000000008009614                _exit
                0x0000000008009618                . = ALIGN (0x4)
 *(.rodata*)
 .rodata.sdram_pins
                0x0000000008009618       0x30 sdram.o
 .rodata.print_hex.isra.0.str1.1
                0x0000000008009648        0x3 lcd-spi.o
 .rodata.lcd_spi_init.str1.1
                0x000000000800964b       0x62 lcd-spi.o
 .rodata.cmd_args
                0x00000000080096ad       0x3a lcd-spi.o
 *fill*         0x00000000080096e7        0x1 
 .rodata.initialization
                0x00000000080096e8       0x50 lcd-spi.o
                0x00000000080096e8                initialization
 .rodata.mcm_font
                0x0000000008009738      0x480 gfx.o
 .rodata.main.str1.1
                0x0000000008009bb8      0x126 lcd-serial.o
                                        0x128 (size before relaxing)
 .rodata.CSWTCH.2
                0x0000000008009cde        0x3 /home/josemario/UCR/IS-2023/LaboratorioMicrocontroladores/Laboratorio4/libopencm3-examples/libopencm3/lib/libopencm3_stm32f4.a(fmc_common_f47.o)
 *fill*         0x0000000008009ce1        0x3 
 .rodata.rcc_hse_8mhz_3v3
                0x0000000008009ce4       0x70 /home/josemario/UCR/IS-2023/LaboratorioMicrocontroladores/Laboratorio4/libopencm3-examples/libopencm3/lib/libopencm3_stm32f4.a(rcc.o)
                0x0000000008009ce4                rcc_hse_8mhz_3v3
 .rodata.str1.4
                0x0000000008009d54       0x42 /usr/lib/gcc/arm-none-eabi/10.3.1/../../../arm-none-eabi/lib/thumb/v7e-m+fp/hard/libc.a(lib_a-svfprintf.o)
 *fill*         0x0000000008009d96        0x2 
 .rodata        0x0000000008009d98       0x20 /usr/lib/gcc/arm-none-eabi/10.3.1/../../../arm-none-eabi/lib/thumb/v7e-m+fp/hard/libc.a(lib_a-svfprintf.o)
 .rodata.str1.4
                0x0000000008009db8       0x56 /usr/lib/gcc/arm-none-eabi/10.3.1/../../../arm-none-eabi/lib/thumb/v7e-m+fp/hard/libc.a(lib_a-dtoa.o)
                                         0x5a (size before relaxing)
 *fill*         0x0000000008009e0e        0x2 
 .rodata        0x0000000008009e10        0x4 /usr/lib/gcc/arm-none-eabi/10.3.1/../../../arm-none-eabi/lib/thumb/v7e-m+fp/hard/libc.a(lib_a-impure.o)
                0x0000000008009e10                _global_impure_ptr
 .rodata.str1.4
                0x0000000008009e14       0x33 /usr/lib/gcc/arm-none-eabi/10.3.1/../../../arm-none-eabi/lib/thumb/v7e-m+fp/hard/libc.a(lib_a-mprec.o)
                                         0x47 (size before relaxing)
 *fill*         0x0000000008009e47        0x1 
 .rodata        0x0000000008009e48      0x128 /usr/lib/gcc/arm-none-eabi/10.3.1/../../../arm-none-eabi/lib/thumb/v7e-m+fp/hard/libc.a(lib_a-mprec.o)
                0x0000000008009e58                __mprec_tens
                0x0000000008009f20                __mprec_tinytens
                0x0000000008009f48                __mprec_bigtens
 .rodata.str1.4
                0x0000000008009f70       0x2f /usr/lib/gcc/arm-none-eabi/10.3.1/../../../arm-none-eabi/lib/thumb/v7e-m+fp/hard/libc.a(lib_a-svfiprintf.o)
 .rodata        0x0000000008009f70       0x20 /usr/lib/gcc/arm-none-eabi/10.3.1/../../../arm-none-eabi/lib/thumb/v7e-m+fp/hard/libc.a(lib_a-svfiprintf.o)
 .rodata.str1.4
                0x0000000008009f90       0x3f /usr/lib/gcc/arm-none-eabi/10.3.1/../../../arm-none-eabi/lib/thumb/v7e-m+fp/hard/libc.a(lib_a-assert.o)
                                         0x43 (size before relaxing)
 *fill*         0x0000000008009fcf        0x1 
 .rodata.str1.4
                0x0000000008009fd0        0xe /usr/lib/gcc/arm-none-eabi/10.3.1/../../../arm-none-eabi/lib/thumb/v7e-m+fp/hard/libc.a(lib_a-locale.o)
                                         0x12 (size before relaxing)
 .rodata.str1.4
                0x0000000008009fde       0x2f /usr/lib/gcc/arm-none-eabi/10.3.1/../../../arm-none-eabi/lib/thumb/v7e-m+fp/hard/libc.a(lib_a-vfiprintf.o)
 *fill*         0x0000000008009fde        0x2 
 .rodata        0x0000000008009fe0       0x20 /usr/lib/gcc/arm-none-eabi/10.3.1/../../../arm-none-eabi/lib/thumb/v7e-m+fp/hard/libc.a(lib_a-vfiprintf.o)
 .rodata        0x000000000800a000      0x101 /usr/lib/gcc/arm-none-eabi/10.3.1/../../../arm-none-eabi/lib/thumb/v7e-m+fp/hard/libc.a(lib_a-ctype_.o)
                0x000000000800a000                _ctype_
                0x000000000800a104                . = ALIGN (0x4)
 *fill*         0x000000000800a101        0x3 

.glue_7         0x000000000800a104        0x0
 .glue_7        0x000000000800a104        0x0 linker stubs

.glue_7t        0x000000000800a104        0x0
 .glue_7t       0x000000000800a104        0x0 linker stubs

.vfp11_veneer   0x000000000800a104        0x0
 .vfp11_veneer  0x000000000800a104        0x0 linker stubs

.v4_bx          0x000000000800a104        0x0
 .v4_bx         0x000000000800a104        0x0 linker stubs

.iplt           0x000000000800a104        0x0
 .iplt          0x000000000800a104        0x0 sdram.o

.preinit_array  0x000000000800a104        0x0
                0x000000000800a104                . = ALIGN (0x4)
                0x000000000800a104                __preinit_array_start = .
 *(.preinit_array)
                0x000000000800a104                __preinit_array_end = .

.init_array     0x000000000800a104        0x0
                0x000000000800a104                . = ALIGN (0x4)
                0x000000000800a104                __init_array_start = .
 *(SORT_BY_NAME(.init_array.*))
 *(.init_array)
                0x000000000800a104                __init_array_end = .

.fini_array     0x000000000800a104        0x0
                0x000000000800a104                . = ALIGN (0x4)
                0x000000000800a104                __fini_array_start = .
 *(.fini_array)
 *(SORT_BY_NAME(.fini_array.*))
                0x000000000800a104                __fini_array_end = .

.ARM.extab
 *(.ARM.extab*)

.ARM.exidx      0x000000000800a104        0x8
                0x000000000800a104                __exidx_start = .
 *(.ARM.exidx*)
 .ARM.exidx     0x000000000800a104        0x8 /usr/lib/gcc/arm-none-eabi/10.3.1/thumb/v7e-m+fp/hard/libgcc.a(_udivmoddi4.o)
                0x000000000800a10c                __exidx_end = .

.rel.dyn        0x000000000800a10c        0x0
 .rel.iplt      0x000000000800a10c        0x0 sdram.o
                0x000000000800a10c                . = ALIGN (0x4)
                0x000000000800a10c                _etext = .

.noinit
 *(.noinit*)
                0x000000000800a10c                . = ALIGN (0x4)

.data           0x0000000020000000      0x9d4 load address 0x000000000800a10c
                0x0000000020000000                _data = .
 *(.data*)
 .data.timing   0x0000000020000000       0x1c sdram.o
 .data.rcc_ahb_frequency
                0x000000002000001c        0x4 /home/josemario/UCR/IS-2023/LaboratorioMicrocontroladores/Laboratorio4/libopencm3-examples/libopencm3/lib/libopencm3_stm32f4.a(rcc.o)
                0x000000002000001c                rcc_ahb_frequency
 .data.rcc_apb1_frequency
                0x0000000020000020        0x4 /home/josemario/UCR/IS-2023/LaboratorioMicrocontroladores/Laboratorio4/libopencm3-examples/libopencm3/lib/libopencm3_stm32f4.a(rcc.o)
                0x0000000020000020                rcc_apb1_frequency
 .data.rcc_apb2_frequency
                0x0000000020000024        0x4 /home/josemario/UCR/IS-2023/LaboratorioMicrocontroladores/Laboratorio4/libopencm3-examples/libopencm3/lib/libopencm3_stm32f4.a(rcc.o)
                0x0000000020000024                rcc_apb2_frequency
 .data          0x0000000020000028      0x430 /usr/lib/gcc/arm-none-eabi/10.3.1/../../../arm-none-eabi/lib/thumb/v7e-m+fp/hard/libc.a(lib_a-impure.o)
                0x0000000020000028                _impure_ptr
 .data          0x0000000020000458      0x410 /usr/lib/gcc/arm-none-eabi/10.3.1/../../../arm-none-eabi/lib/thumb/v7e-m+fp/hard/libc.a(lib_a-mallocr.o)
                0x0000000020000458                __malloc_av_
                0x0000000020000860                __malloc_sbrk_base
                0x0000000020000864                __malloc_trim_threshold
 .data          0x0000000020000868      0x16c /usr/lib/gcc/arm-none-eabi/10.3.1/../../../arm-none-eabi/lib/thumb/v7e-m+fp/hard/libc.a(lib_a-locale.o)
                0x0000000020000868                __global_locale
 *(.ramtext*)
                0x00000000200009d4                . = ALIGN (0x4)
                0x00000000200009d4                _edata = .
                0x000000000800a10c                _data_loadaddr = LOADADDR (.data)

.igot.plt       0x00000000200009d4        0x0 load address 0x000000000800aae0
 .igot.plt      0x00000000200009d4        0x0 sdram.o

.bss            0x00000000200009d4       0xe4 load address 0x000000000800aae0
 *(.bss*)
 .bss.system_millis
                0x00000000200009d4        0x4 clock.o
 .bss.recv_buf  0x00000000200009d8       0x80 console.o
                0x00000000200009d8                recv_buf
 .bss.recv_ndx_cur
                0x0000000020000a58        0x4 console.o
                0x0000000020000a58                recv_ndx_cur
 .bss.recv_ndx_nxt
                0x0000000020000a5c        0x4 console.o
                0x0000000020000a5c                recv_ndx_nxt
 .bss.cur_frame
                0x0000000020000a60        0x4 lcd-spi.o
                0x0000000020000a60                cur_frame
 .bss.display_frame
                0x0000000020000a64        0x4 lcd-spi.o
                0x0000000020000a64                display_frame
 .bss.__gfx_state
                0x0000000020000a68       0x14 gfx.o
                0x0000000020000a68                __gfx_state
 .bss           0x0000000020000a7c       0x34 /usr/lib/gcc/arm-none-eabi/10.3.1/../../../arm-none-eabi/lib/thumb/v7e-m+fp/hard/libc.a(lib_a-mallocr.o)
                0x0000000020000a7c                __malloc_top_pad
                0x0000000020000a80                __malloc_current_mallinfo
                0x0000000020000aa8                __malloc_max_sbrked_mem
                0x0000000020000aac                __malloc_max_total_mem
 .bss           0x0000000020000ab0        0x4 /usr/lib/gcc/arm-none-eabi/10.3.1/../../../arm-none-eabi/lib/thumb/v7e-m+fp/hard/libc.a(lib_a-reent.o)
                0x0000000020000ab0                errno
 .bss           0x0000000020000ab4        0x4 /usr/lib/gcc/arm-none-eabi/10.3.1/../../../arm-none-eabi/lib/thumb/v7e-m+fp/hard/libnosys.a(sbrk.o)
 *(COMMON)
                0x0000000020000ab8                . = ALIGN (0x4)
                0x0000000020000ab8                _ebss = .

/DISCARD/
 *(.eh_frame)
                0x0000000020000ab8                . = ALIGN (0x4)
                0x0000000020000ab8                end = .
                0x0000000020030000                PROVIDE (_stack = (ORIGIN (ram) + LENGTH (ram)))
OUTPUT(lcd-serial.elf elf32-littlearm)
LOAD linker stubs

.debug_info     0x0000000000000000    0x2aa1c
 .debug_info    0x0000000000000000      0x87e sdram.o
 .debug_info    0x000000000000087e      0x2fc clock.o
 .debug_info    0x0000000000000b7a      0x947 console.o
 .debug_info    0x00000000000014c1      0xd70 lcd-spi.o
 .debug_info    0x0000000000002231     0x1813 gfx.o
 .debug_info    0x0000000000003a44     0x15de lcd-serial.o
 .debug_info    0x0000000000005022      0x209 /home/josemario/UCR/IS-2023/LaboratorioMicrocontroladores/Laboratorio4/libopencm3-examples/libopencm3/lib/libopencm3_stm32f4.a(fmc_common_f47.o)
 .debug_info    0x000000000000522b      0x24e /home/josemario/UCR/IS-2023/LaboratorioMicrocontroladores/Laboratorio4/libopencm3-examples/libopencm3/lib/libopencm3_stm32f4.a(gpio_common_all.o)
 .debug_info    0x0000000000005479      0x20f /home/josemario/UCR/IS-2023/LaboratorioMicrocontroladores/Laboratorio4/libopencm3-examples/libopencm3/lib/libopencm3_stm32f4.a(gpio_common_f0234.o)
 .debug_info    0x0000000000005688      0x950 /home/josemario/UCR/IS-2023/LaboratorioMicrocontroladores/Laboratorio4/libopencm3-examples/libopencm3/lib/libopencm3_stm32f4.a(rcc_common_all.o)
 .debug_info    0x0000000000005fd8     0x1027 /home/josemario/UCR/IS-2023/LaboratorioMicrocontroladores/Laboratorio4/libopencm3-examples/libopencm3/lib/libopencm3_stm32f4.a(rcc.o)
 .debug_info    0x0000000000006fff      0x81c /home/josemario/UCR/IS-2023/LaboratorioMicrocontroladores/Laboratorio4/libopencm3-examples/libopencm3/lib/libopencm3_stm32f4.a(spi_common_all.o)
 .debug_info    0x000000000000781b      0x15e /home/josemario/UCR/IS-2023/LaboratorioMicrocontroladores/Laboratorio4/libopencm3-examples/libopencm3/lib/libopencm3_stm32f4.a(spi_common_v1.o)
 .debug_info    0x0000000000007979      0x68e /home/josemario/UCR/IS-2023/LaboratorioMicrocontroladores/Laboratorio4/libopencm3-examples/libopencm3/lib/libopencm3_stm32f4.a(usart_common_all.o)
 .debug_info    0x0000000000008007      0x2e6 /home/josemario/UCR/IS-2023/LaboratorioMicrocontroladores/Laboratorio4/libopencm3-examples/libopencm3/lib/libopencm3_stm32f4.a(vector.o)
 .debug_info    0x00000000000082ed      0x268 /home/josemario/UCR/IS-2023/LaboratorioMicrocontroladores/Laboratorio4/libopencm3-examples/libopencm3/lib/libopencm3_stm32f4.a(systick.o)
 .debug_info    0x0000000000008555       0xd2 /home/josemario/UCR/IS-2023/LaboratorioMicrocontroladores/Laboratorio4/libopencm3-examples/libopencm3/lib/libopencm3_stm32f4.a(scb.o)
 .debug_info    0x0000000000008627      0x22d /home/josemario/UCR/IS-2023/LaboratorioMicrocontroladores/Laboratorio4/libopencm3-examples/libopencm3/lib/libopencm3_stm32f4.a(nvic.o)
 .debug_info    0x0000000000008854       0xf0 /home/josemario/UCR/IS-2023/LaboratorioMicrocontroladores/Laboratorio4/libopencm3-examples/libopencm3/lib/libopencm3_stm32f4.a(flash_common_all.o)
 .debug_info    0x0000000000008944       0xe8 /home/josemario/UCR/IS-2023/LaboratorioMicrocontroladores/Laboratorio4/libopencm3-examples/libopencm3/lib/libopencm3_stm32f4.a(flash_common_idcache.o)
 .debug_info    0x0000000000008a2c       0xdc /home/josemario/UCR/IS-2023/LaboratorioMicrocontroladores/Laboratorio4/libopencm3-examples/libopencm3/lib/libopencm3_stm32f4.a(pwr.o)
 .debug_info    0x0000000000008b08      0xa8c /usr/lib/gcc/arm-none-eabi/10.3.1/../../../arm-none-eabi/lib/thumb/v7e-m+fp/hard/libc.a(lib_a-sprintf.o)
 .debug_info    0x0000000000009594     0x1929 /usr/lib/gcc/arm-none-eabi/10.3.1/../../../arm-none-eabi/lib/thumb/v7e-m+fp/hard/libc.a(lib_a-svfprintf.o)
 .debug_info    0x000000000000aebd     0x1a53 /usr/lib/gcc/arm-none-eabi/10.3.1/../../../arm-none-eabi/lib/thumb/v7e-m+fp/hard/libc.a(lib_a-dtoa.o)
 .debug_info    0x000000000000c910      0x92a /usr/lib/gcc/arm-none-eabi/10.3.1/../../../arm-none-eabi/lib/thumb/v7e-m+fp/hard/libc.a(lib_a-impure.o)
 .debug_info    0x000000000000d23a      0xc3e /usr/lib/gcc/arm-none-eabi/10.3.1/../../../arm-none-eabi/lib/thumb/v7e-m+fp/hard/libc.a(lib_a-localeconv.o)
 .debug_info    0x000000000000de78      0xe95 /usr/lib/gcc/arm-none-eabi/10.3.1/../../../arm-none-eabi/lib/thumb/v7e-m+fp/hard/libc.a(lib_a-mallocr.o)
 .debug_info    0x000000000000ed0d       0x26 /usr/lib/gcc/arm-none-eabi/10.3.1/../../../arm-none-eabi/lib/thumb/v7e-m+fp/hard/libc.a(lib_a-memchr.o)
 .debug_info    0x000000000000ed33       0x26 /usr/lib/gcc/arm-none-eabi/10.3.1/../../../arm-none-eabi/lib/thumb/v7e-m+fp/hard/libc.a(lib_a-memcpy.o)
 .debug_info    0x000000000000ed59      0x942 /usr/lib/gcc/arm-none-eabi/10.3.1/../../../arm-none-eabi/lib/thumb/v7e-m+fp/hard/libc.a(lib_a-mlock.o)
 .debug_info    0x000000000000f69b     0x20d2 /usr/lib/gcc/arm-none-eabi/10.3.1/../../../arm-none-eabi/lib/thumb/v7e-m+fp/hard/libc.a(lib_a-mprec.o)
 .debug_info    0x000000000001176d      0x98e /usr/lib/gcc/arm-none-eabi/10.3.1/../../../arm-none-eabi/lib/thumb/v7e-m+fp/hard/libc.a(lib_a-sbrkr.o)
 .debug_info    0x00000000000120fb       0x26 /usr/lib/gcc/arm-none-eabi/10.3.1/../../../arm-none-eabi/lib/thumb/v7e-m+fp/hard/libc.a(lib_a-strlen.o)
 .debug_info    0x0000000000012121     0x1367 /usr/lib/gcc/arm-none-eabi/10.3.1/../../../arm-none-eabi/lib/thumb/v7e-m+fp/hard/libc.a(lib_a-svfiprintf.o)
 .debug_info    0x0000000000013488      0xa23 /usr/lib/gcc/arm-none-eabi/10.3.1/../../../arm-none-eabi/lib/thumb/v7e-m+fp/hard/libc.a(lib_a-assert.o)
 .debug_info    0x0000000000013eab      0xa81 /usr/lib/gcc/arm-none-eabi/10.3.1/../../../arm-none-eabi/lib/thumb/v7e-m+fp/hard/libc.a(lib_a-callocr.o)
 .debug_info    0x000000000001492c      0xa5f /usr/lib/gcc/arm-none-eabi/10.3.1/../../../arm-none-eabi/lib/thumb/v7e-m+fp/hard/libc.a(lib_a-fiprintf.o)
 .debug_info    0x000000000001538b      0xd10 /usr/lib/gcc/arm-none-eabi/10.3.1/../../../arm-none-eabi/lib/thumb/v7e-m+fp/hard/libc.a(lib_a-freer.o)
 .debug_info    0x000000000001609b      0xe0a /usr/lib/gcc/arm-none-eabi/10.3.1/../../../arm-none-eabi/lib/thumb/v7e-m+fp/hard/libc.a(lib_a-locale.o)
 .debug_info    0x0000000000016ea5      0xccd /usr/lib/gcc/arm-none-eabi/10.3.1/../../../arm-none-eabi/lib/thumb/v7e-m+fp/hard/libc.a(lib_a-mbtowc_r.o)
 .debug_info    0x0000000000017b72      0x152 /usr/lib/gcc/arm-none-eabi/10.3.1/../../../arm-none-eabi/lib/thumb/v7e-m+fp/hard/libc.a(lib_a-memmove.o)
 .debug_info    0x0000000000017cc4      0x137 /usr/lib/gcc/arm-none-eabi/10.3.1/../../../arm-none-eabi/lib/thumb/v7e-m+fp/hard/libc.a(lib_a-memset.o)
 .debug_info    0x0000000000017dfb      0xdb4 /usr/lib/gcc/arm-none-eabi/10.3.1/../../../arm-none-eabi/lib/thumb/v7e-m+fp/hard/libc.a(lib_a-reallocr.o)
 .debug_info    0x0000000000018baf      0xbda /usr/lib/gcc/arm-none-eabi/10.3.1/../../../arm-none-eabi/lib/thumb/v7e-m+fp/hard/libc.a(lib_a-reent.o)
 .debug_info    0x0000000000019789       0x26 /usr/lib/gcc/arm-none-eabi/10.3.1/../../../arm-none-eabi/lib/thumb/v7e-m+fp/hard/libc.a(lib_a-strcmp.o)
 .debug_info    0x00000000000197af     0x1926 /usr/lib/gcc/arm-none-eabi/10.3.1/../../../arm-none-eabi/lib/thumb/v7e-m+fp/hard/libc.a(lib_a-vfiprintf.o)
 .debug_info    0x000000000001b0d5      0xc86 /usr/lib/gcc/arm-none-eabi/10.3.1/../../../arm-none-eabi/lib/thumb/v7e-m+fp/hard/libc.a(lib_a-wctomb_r.o)
 .debug_info    0x000000000001bd5b      0x9c2 /usr/lib/gcc/arm-none-eabi/10.3.1/../../../arm-none-eabi/lib/thumb/v7e-m+fp/hard/libc.a(lib_a-wsetup.o)
 .debug_info    0x000000000001c71d       0xcb /usr/lib/gcc/arm-none-eabi/10.3.1/../../../arm-none-eabi/lib/thumb/v7e-m+fp/hard/libc.a(lib_a-abort.o)
 .debug_info    0x000000000001c7e8       0xb8 /usr/lib/gcc/arm-none-eabi/10.3.1/../../../arm-none-eabi/lib/thumb/v7e-m+fp/hard/libc.a(lib_a-ctype_.o)
 .debug_info    0x000000000001c8a0      0xbe3 /usr/lib/gcc/arm-none-eabi/10.3.1/../../../arm-none-eabi/lib/thumb/v7e-m+fp/hard/libc.a(lib_a-fflush.o)
 .debug_info    0x000000000001d483      0xf66 /usr/lib/gcc/arm-none-eabi/10.3.1/../../../arm-none-eabi/lib/thumb/v7e-m+fp/hard/libc.a(lib_a-findfp.o)
 .debug_info    0x000000000001e3e9      0xc12 /usr/lib/gcc/arm-none-eabi/10.3.1/../../../arm-none-eabi/lib/thumb/v7e-m+fp/hard/libc.a(lib_a-fputwc.o)
 .debug_info    0x000000000001effb      0xcc4 /usr/lib/gcc/arm-none-eabi/10.3.1/../../../arm-none-eabi/lib/thumb/v7e-m+fp/hard/libc.a(lib_a-fvwrite.o)
 .debug_info    0x000000000001fcbf      0xa66 /usr/lib/gcc/arm-none-eabi/10.3.1/../../../arm-none-eabi/lib/thumb/v7e-m+fp/hard/libc.a(lib_a-fwalk.o)
 .debug_info    0x0000000000020725      0xdf2 /usr/lib/gcc/arm-none-eabi/10.3.1/../../../arm-none-eabi/lib/thumb/v7e-m+fp/hard/libc.a(lib_a-makebuf.o)
 .debug_info    0x0000000000021517      0xf32 /usr/lib/gcc/arm-none-eabi/10.3.1/../../../arm-none-eabi/lib/thumb/v7e-m+fp/hard/libc.a(lib_a-signal.o)
 .debug_info    0x0000000000022449      0x9d7 /usr/lib/gcc/arm-none-eabi/10.3.1/../../../arm-none-eabi/lib/thumb/v7e-m+fp/hard/libc.a(lib_a-signalr.o)
 .debug_info    0x0000000000022e20      0xc22 /usr/lib/gcc/arm-none-eabi/10.3.1/../../../arm-none-eabi/lib/thumb/v7e-m+fp/hard/libc.a(lib_a-stdio.o)
 .debug_info    0x0000000000023a42      0xa5f /usr/lib/gcc/arm-none-eabi/10.3.1/../../../arm-none-eabi/lib/thumb/v7e-m+fp/hard/libc.a(lib_a-wbuf.o)
 .debug_info    0x00000000000244a1      0xd4f /usr/lib/gcc/arm-none-eabi/10.3.1/../../../arm-none-eabi/lib/thumb/v7e-m+fp/hard/libc.a(lib_a-wcrtomb.o)
 .debug_info    0x00000000000251f0      0x9c0 /usr/lib/gcc/arm-none-eabi/10.3.1/../../../arm-none-eabi/lib/thumb/v7e-m+fp/hard/libc.a(lib_a-writer.o)
 .debug_info    0x0000000000025bb0      0x96b /usr/lib/gcc/arm-none-eabi/10.3.1/../../../arm-none-eabi/lib/thumb/v7e-m+fp/hard/libc.a(lib_a-closer.o)
 .debug_info    0x000000000002651b      0xb4a /usr/lib/gcc/arm-none-eabi/10.3.1/../../../arm-none-eabi/lib/thumb/v7e-m+fp/hard/libc.a(lib_a-fclose.o)
 .debug_info    0x0000000000027065      0xb83 /usr/lib/gcc/arm-none-eabi/10.3.1/../../../arm-none-eabi/lib/thumb/v7e-m+fp/hard/libc.a(lib_a-fstatr.o)
 .debug_info    0x0000000000027be8      0x96b /usr/lib/gcc/arm-none-eabi/10.3.1/../../../arm-none-eabi/lib/thumb/v7e-m+fp/hard/libc.a(lib_a-isattyr.o)
 .debug_info    0x0000000000028553      0x9a1 /usr/lib/gcc/arm-none-eabi/10.3.1/../../../arm-none-eabi/lib/thumb/v7e-m+fp/hard/libc.a(lib_a-lseekr.o)
 .debug_info    0x0000000000028ef4      0x9b9 /usr/lib/gcc/arm-none-eabi/10.3.1/../../../arm-none-eabi/lib/thumb/v7e-m+fp/hard/libc.a(lib_a-readr.o)
 .debug_info    0x00000000000298ad       0x26 /usr/lib/gcc/arm-none-eabi/10.3.1/thumb/v7e-m+fp/hard/libgcc.a(_arm_addsubdf3.o)
 .debug_info    0x00000000000298d3       0x26 /usr/lib/gcc/arm-none-eabi/10.3.1/thumb/v7e-m+fp/hard/libgcc.a(_arm_muldivdf3.o)
 .debug_info    0x00000000000298f9       0x26 /usr/lib/gcc/arm-none-eabi/10.3.1/thumb/v7e-m+fp/hard/libgcc.a(_arm_cmpdf2.o)
 .debug_info    0x000000000002991f       0x26 /usr/lib/gcc/arm-none-eabi/10.3.1/thumb/v7e-m+fp/hard/libgcc.a(_arm_unorddf2.o)
 .debug_info    0x0000000000029945       0x26 /usr/lib/gcc/arm-none-eabi/10.3.1/thumb/v7e-m+fp/hard/libgcc.a(_arm_fixdfsi.o)
 .debug_info    0x000000000002996b       0x26 /usr/lib/gcc/arm-none-eabi/10.3.1/thumb/v7e-m+fp/hard/libgcc.a(_aeabi_uldivmod.o)
 .debug_info    0x0000000000029991      0x717 /usr/lib/gcc/arm-none-eabi/10.3.1/thumb/v7e-m+fp/hard/libgcc.a(_udivmoddi4.o)
 .debug_info    0x000000000002a0a8       0x26 /usr/lib/gcc/arm-none-eabi/10.3.1/thumb/v7e-m+fp/hard/libgcc.a(_dvmd_tls.o)
 .debug_info    0x000000000002a0ce       0xb1 /usr/lib/gcc/arm-none-eabi/10.3.1/../../../arm-none-eabi/lib/thumb/v7e-m+fp/hard/libnosys.a(close.o)
 .debug_info    0x000000000002a17f      0x2cc /usr/lib/gcc/arm-none-eabi/10.3.1/../../../arm-none-eabi/lib/thumb/v7e-m+fp/hard/libnosys.a(fstat.o)
 .debug_info    0x000000000002a44b       0x9c /usr/lib/gcc/arm-none-eabi/10.3.1/../../../arm-none-eabi/lib/thumb/v7e-m+fp/hard/libnosys.a(getpid.o)
 .debug_info    0x000000000002a4e7       0xb1 /usr/lib/gcc/arm-none-eabi/10.3.1/../../../arm-none-eabi/lib/thumb/v7e-m+fp/hard/libnosys.a(isatty.o)
 .debug_info    0x000000000002a598       0xbf /usr/lib/gcc/arm-none-eabi/10.3.1/../../../arm-none-eabi/lib/thumb/v7e-m+fp/hard/libnosys.a(kill.o)
 .debug_info    0x000000000002a657       0xd3 /usr/lib/gcc/arm-none-eabi/10.3.1/../../../arm-none-eabi/lib/thumb/v7e-m+fp/hard/libnosys.a(lseek.o)
 .debug_info    0x000000000002a72a       0xd9 /usr/lib/gcc/arm-none-eabi/10.3.1/../../../arm-none-eabi/lib/thumb/v7e-m+fp/hard/libnosys.a(read.o)
 .debug_info    0x000000000002a803       0x9d /usr/lib/gcc/arm-none-eabi/10.3.1/../../../arm-none-eabi/lib/thumb/v7e-m+fp/hard/libnosys.a(sbrk.o)
 .debug_info    0x000000000002a8a0       0xd9 /usr/lib/gcc/arm-none-eabi/10.3.1/../../../arm-none-eabi/lib/thumb/v7e-m+fp/hard/libnosys.a(write.o)
 .debug_info    0x000000000002a979       0xa3 /usr/lib/gcc/arm-none-eabi/10.3.1/../../../arm-none-eabi/lib/thumb/v7e-m+fp/hard/libnosys.a(_exit.o)

.debug_abbrev   0x0000000000000000     0x8eb5
 .debug_abbrev  0x0000000000000000      0x16b sdram.o
 .debug_abbrev  0x000000000000016b      0x1a7 clock.o
 .debug_abbrev  0x0000000000000312      0x1f7 console.o
 .debug_abbrev  0x0000000000000509      0x339 lcd-spi.o
 .debug_abbrev  0x0000000000000842      0x31f gfx.o
 .debug_abbrev  0x0000000000000b61      0x1c7 lcd-serial.o
 .debug_abbrev  0x0000000000000d28      0x10c /home/josemario/UCR/IS-2023/LaboratorioMicrocontroladores/Laboratorio4/libopencm3-examples/libopencm3/lib/libopencm3_stm32f4.a(fmc_common_f47.o)
 .debug_abbrev  0x0000000000000e34      0x116 /home/josemario/UCR/IS-2023/LaboratorioMicrocontroladores/Laboratorio4/libopencm3-examples/libopencm3/lib/libopencm3_stm32f4.a(gpio_common_all.o)
 .debug_abbrev  0x0000000000000f4a       0xbf /home/josemario/UCR/IS-2023/LaboratorioMicrocontroladores/Laboratorio4/libopencm3-examples/libopencm3/lib/libopencm3_stm32f4.a(gpio_common_f0234.o)
 .debug_abbrev  0x0000000000001009      0x177 /home/josemario/UCR/IS-2023/LaboratorioMicrocontroladores/Laboratorio4/libopencm3-examples/libopencm3/lib/libopencm3_stm32f4.a(rcc_common_all.o)
 .debug_abbrev  0x0000000000001180      0x2ba /home/josemario/UCR/IS-2023/LaboratorioMicrocontroladores/Laboratorio4/libopencm3-examples/libopencm3/lib/libopencm3_stm32f4.a(rcc.o)
 .debug_abbrev  0x000000000000143a      0x197 /home/josemario/UCR/IS-2023/LaboratorioMicrocontroladores/Laboratorio4/libopencm3-examples/libopencm3/lib/libopencm3_stm32f4.a(spi_common_all.o)
 .debug_abbrev  0x00000000000015d1       0xd2 /home/josemario/UCR/IS-2023/LaboratorioMicrocontroladores/Laboratorio4/libopencm3-examples/libopencm3/lib/libopencm3_stm32f4.a(spi_common_v1.o)
 .debug_abbrev  0x00000000000016a3      0x16d /home/josemario/UCR/IS-2023/LaboratorioMicrocontroladores/Laboratorio4/libopencm3-examples/libopencm3/lib/libopencm3_stm32f4.a(usart_common_all.o)
 .debug_abbrev  0x0000000000001810      0x15b /home/josemario/UCR/IS-2023/LaboratorioMicrocontroladores/Laboratorio4/libopencm3-examples/libopencm3/lib/libopencm3_stm32f4.a(vector.o)
 .debug_abbrev  0x000000000000196b      0x155 /home/josemario/UCR/IS-2023/LaboratorioMicrocontroladores/Laboratorio4/libopencm3-examples/libopencm3/lib/libopencm3_stm32f4.a(systick.o)
 .debug_abbrev  0x0000000000001ac0       0x89 /home/josemario/UCR/IS-2023/LaboratorioMicrocontroladores/Laboratorio4/libopencm3-examples/libopencm3/lib/libopencm3_stm32f4.a(scb.o)
 .debug_abbrev  0x0000000000001b49       0xb5 /home/josemario/UCR/IS-2023/LaboratorioMicrocontroladores/Laboratorio4/libopencm3-examples/libopencm3/lib/libopencm3_stm32f4.a(nvic.o)
 .debug_abbrev  0x0000000000001bfe       0x9a /home/josemario/UCR/IS-2023/LaboratorioMicrocontroladores/Laboratorio4/libopencm3-examples/libopencm3/lib/libopencm3_stm32f4.a(flash_common_all.o)
 .debug_abbrev  0x0000000000001c98       0x56 /home/josemario/UCR/IS-2023/LaboratorioMicrocontroladores/Laboratorio4/libopencm3-examples/libopencm3/lib/libopencm3_stm32f4.a(flash_common_idcache.o)
 .debug_abbrev  0x0000000000001cee       0x9c /home/josemario/UCR/IS-2023/LaboratorioMicrocontroladores/Laboratorio4/libopencm3-examples/libopencm3/lib/libopencm3_stm32f4.a(pwr.o)
 .debug_abbrev  0x0000000000001d8a      0x27a /usr/lib/gcc/arm-none-eabi/10.3.1/../../../arm-none-eabi/lib/thumb/v7e-m+fp/hard/libc.a(lib_a-sprintf.o)
 .debug_abbrev  0x0000000000002004      0x3db /usr/lib/gcc/arm-none-eabi/10.3.1/../../../arm-none-eabi/lib/thumb/v7e-m+fp/hard/libc.a(lib_a-svfprintf.o)
 .debug_abbrev  0x00000000000023df      0x323 /usr/lib/gcc/arm-none-eabi/10.3.1/../../../arm-none-eabi/lib/thumb/v7e-m+fp/hard/libc.a(lib_a-dtoa.o)
 .debug_abbrev  0x0000000000002702      0x1b8 /usr/lib/gcc/arm-none-eabi/10.3.1/../../../arm-none-eabi/lib/thumb/v7e-m+fp/hard/libc.a(lib_a-impure.o)
 .debug_abbrev  0x00000000000028ba      0x26a /usr/lib/gcc/arm-none-eabi/10.3.1/../../../arm-none-eabi/lib/thumb/v7e-m+fp/hard/libc.a(lib_a-localeconv.o)
 .debug_abbrev  0x0000000000002b24      0x2f6 /usr/lib/gcc/arm-none-eabi/10.3.1/../../../arm-none-eabi/lib/thumb/v7e-m+fp/hard/libc.a(lib_a-mallocr.o)
 .debug_abbrev  0x0000000000002e1a       0x14 /usr/lib/gcc/arm-none-eabi/10.3.1/../../../arm-none-eabi/lib/thumb/v7e-m+fp/hard/libc.a(lib_a-memchr.o)
 .debug_abbrev  0x0000000000002e2e       0x14 /usr/lib/gcc/arm-none-eabi/10.3.1/../../../arm-none-eabi/lib/thumb/v7e-m+fp/hard/libc.a(lib_a-memcpy.o)
 .debug_abbrev  0x0000000000002e42      0x1f0 /usr/lib/gcc/arm-none-eabi/10.3.1/../../../arm-none-eabi/lib/thumb/v7e-m+fp/hard/libc.a(lib_a-mlock.o)
 .debug_abbrev  0x0000000000003032      0x4ae /usr/lib/gcc/arm-none-eabi/10.3.1/../../../arm-none-eabi/lib/thumb/v7e-m+fp/hard/libc.a(lib_a-mprec.o)
 .debug_abbrev  0x00000000000034e0      0x23d /usr/lib/gcc/arm-none-eabi/10.3.1/../../../arm-none-eabi/lib/thumb/v7e-m+fp/hard/libc.a(lib_a-sbrkr.o)
 .debug_abbrev  0x000000000000371d       0x14 /usr/lib/gcc/arm-none-eabi/10.3.1/../../../arm-none-eabi/lib/thumb/v7e-m+fp/hard/libc.a(lib_a-strlen.o)
 .debug_abbrev  0x0000000000003731      0x2fa /usr/lib/gcc/arm-none-eabi/10.3.1/../../../arm-none-eabi/lib/thumb/v7e-m+fp/hard/libc.a(lib_a-svfiprintf.o)
 .debug_abbrev  0x0000000000003a2b      0x22a /usr/lib/gcc/arm-none-eabi/10.3.1/../../../arm-none-eabi/lib/thumb/v7e-m+fp/hard/libc.a(lib_a-assert.o)
 .debug_abbrev  0x0000000000003c55      0x241 /usr/lib/gcc/arm-none-eabi/10.3.1/../../../arm-none-eabi/lib/thumb/v7e-m+fp/hard/libc.a(lib_a-callocr.o)
 .debug_abbrev  0x0000000000003e96      0x255 /usr/lib/gcc/arm-none-eabi/10.3.1/../../../arm-none-eabi/lib/thumb/v7e-m+fp/hard/libc.a(lib_a-fiprintf.o)
 .debug_abbrev  0x00000000000040eb      0x2b1 /usr/lib/gcc/arm-none-eabi/10.3.1/../../../arm-none-eabi/lib/thumb/v7e-m+fp/hard/libc.a(lib_a-freer.o)
 .debug_abbrev  0x000000000000439c      0x2f5 /usr/lib/gcc/arm-none-eabi/10.3.1/../../../arm-none-eabi/lib/thumb/v7e-m+fp/hard/libc.a(lib_a-locale.o)
 .debug_abbrev  0x0000000000004691      0x247 /usr/lib/gcc/arm-none-eabi/10.3.1/../../../arm-none-eabi/lib/thumb/v7e-m+fp/hard/libc.a(lib_a-mbtowc_r.o)
 .debug_abbrev  0x00000000000048d8       0xc0 /usr/lib/gcc/arm-none-eabi/10.3.1/../../../arm-none-eabi/lib/thumb/v7e-m+fp/hard/libc.a(lib_a-memmove.o)
 .debug_abbrev  0x0000000000004998       0xb4 /usr/lib/gcc/arm-none-eabi/10.3.1/../../../arm-none-eabi/lib/thumb/v7e-m+fp/hard/libc.a(lib_a-memset.o)
 .debug_abbrev  0x0000000000004a4c      0x275 /usr/lib/gcc/arm-none-eabi/10.3.1/../../../arm-none-eabi/lib/thumb/v7e-m+fp/hard/libc.a(lib_a-reallocr.o)
 .debug_abbrev  0x0000000000004cc1      0x2f4 /usr/lib/gcc/arm-none-eabi/10.3.1/../../../arm-none-eabi/lib/thumb/v7e-m+fp/hard/libc.a(lib_a-reent.o)
 .debug_abbrev  0x0000000000004fb5       0x14 /usr/lib/gcc/arm-none-eabi/10.3.1/../../../arm-none-eabi/lib/thumb/v7e-m+fp/hard/libc.a(lib_a-strcmp.o)
 .debug_abbrev  0x0000000000004fc9      0x430 /usr/lib/gcc/arm-none-eabi/10.3.1/../../../arm-none-eabi/lib/thumb/v7e-m+fp/hard/libc.a(lib_a-vfiprintf.o)
 .debug_abbrev  0x00000000000053f9      0x251 /usr/lib/gcc/arm-none-eabi/10.3.1/../../../arm-none-eabi/lib/thumb/v7e-m+fp/hard/libc.a(lib_a-wctomb_r.o)
 .debug_abbrev  0x000000000000564a      0x246 /usr/lib/gcc/arm-none-eabi/10.3.1/../../../arm-none-eabi/lib/thumb/v7e-m+fp/hard/libc.a(lib_a-wsetup.o)
 .debug_abbrev  0x0000000000005890       0x80 /usr/lib/gcc/arm-none-eabi/10.3.1/../../../arm-none-eabi/lib/thumb/v7e-m+fp/hard/libc.a(lib_a-abort.o)
 .debug_abbrev  0x0000000000005910       0x62 /usr/lib/gcc/arm-none-eabi/10.3.1/../../../arm-none-eabi/lib/thumb/v7e-m+fp/hard/libc.a(lib_a-ctype_.o)
 .debug_abbrev  0x0000000000005972      0x336 /usr/lib/gcc/arm-none-eabi/10.3.1/../../../arm-none-eabi/lib/thumb/v7e-m+fp/hard/libc.a(lib_a-fflush.o)
 .debug_abbrev  0x0000000000005ca8      0x41a /usr/lib/gcc/arm-none-eabi/10.3.1/../../../arm-none-eabi/lib/thumb/v7e-m+fp/hard/libc.a(lib_a-findfp.o)
 .debug_abbrev  0x00000000000060c2      0x34f /usr/lib/gcc/arm-none-eabi/10.3.1/../../../arm-none-eabi/lib/thumb/v7e-m+fp/hard/libc.a(lib_a-fputwc.o)
 .debug_abbrev  0x0000000000006411      0x25e /usr/lib/gcc/arm-none-eabi/10.3.1/../../../arm-none-eabi/lib/thumb/v7e-m+fp/hard/libc.a(lib_a-fvwrite.o)
 .debug_abbrev  0x000000000000666f      0x1fe /usr/lib/gcc/arm-none-eabi/10.3.1/../../../arm-none-eabi/lib/thumb/v7e-m+fp/hard/libc.a(lib_a-fwalk.o)
 .debug_abbrev  0x000000000000686d      0x2df /usr/lib/gcc/arm-none-eabi/10.3.1/../../../arm-none-eabi/lib/thumb/v7e-m+fp/hard/libc.a(lib_a-makebuf.o)
 .debug_abbrev  0x0000000000006b4c      0x321 /usr/lib/gcc/arm-none-eabi/10.3.1/../../../arm-none-eabi/lib/thumb/v7e-m+fp/hard/libc.a(lib_a-signal.o)
 .debug_abbrev  0x0000000000006e6d      0x242 /usr/lib/gcc/arm-none-eabi/10.3.1/../../../arm-none-eabi/lib/thumb/v7e-m+fp/hard/libc.a(lib_a-signalr.o)
 .debug_abbrev  0x00000000000070af      0x262 /usr/lib/gcc/arm-none-eabi/10.3.1/../../../arm-none-eabi/lib/thumb/v7e-m+fp/hard/libc.a(lib_a-stdio.o)
 .debug_abbrev  0x0000000000007311      0x286 /usr/lib/gcc/arm-none-eabi/10.3.1/../../../arm-none-eabi/lib/thumb/v7e-m+fp/hard/libc.a(lib_a-wbuf.o)
 .debug_abbrev  0x0000000000007597      0x254 /usr/lib/gcc/arm-none-eabi/10.3.1/../../../arm-none-eabi/lib/thumb/v7e-m+fp/hard/libc.a(lib_a-wcrtomb.o)
 .debug_abbrev  0x00000000000077eb      0x217 /usr/lib/gcc/arm-none-eabi/10.3.1/../../../arm-none-eabi/lib/thumb/v7e-m+fp/hard/libc.a(lib_a-writer.o)
 .debug_abbrev  0x0000000000007a02      0x212 /usr/lib/gcc/arm-none-eabi/10.3.1/../../../arm-none-eabi/lib/thumb/v7e-m+fp/hard/libc.a(lib_a-closer.o)
 .debug_abbrev  0x0000000000007c14      0x2f1 /usr/lib/gcc/arm-none-eabi/10.3.1/../../../arm-none-eabi/lib/thumb/v7e-m+fp/hard/libc.a(lib_a-fclose.o)
 .debug_abbrev  0x0000000000007f05      0x226 /usr/lib/gcc/arm-none-eabi/10.3.1/../../../arm-none-eabi/lib/thumb/v7e-m+fp/hard/libc.a(lib_a-fstatr.o)
 .debug_abbrev  0x000000000000812b      0x212 /usr/lib/gcc/arm-none-eabi/10.3.1/../../../arm-none-eabi/lib/thumb/v7e-m+fp/hard/libc.a(lib_a-isattyr.o)
 .debug_abbrev  0x000000000000833d      0x226 /usr/lib/gcc/arm-none-eabi/10.3.1/../../../arm-none-eabi/lib/thumb/v7e-m+fp/hard/libc.a(lib_a-lseekr.o)
 .debug_abbrev  0x0000000000008563      0x212 /usr/lib/gcc/arm-none-eabi/10.3.1/../../../arm-none-eabi/lib/thumb/v7e-m+fp/hard/libc.a(lib_a-readr.o)
 .debug_abbrev  0x0000000000008775       0x14 /usr/lib/gcc/arm-none-eabi/10.3.1/thumb/v7e-m+fp/hard/libgcc.a(_arm_addsubdf3.o)
 .debug_abbrev  0x0000000000008789       0x14 /usr/lib/gcc/arm-none-eabi/10.3.1/thumb/v7e-m+fp/hard/libgcc.a(_arm_muldivdf3.o)
 .debug_abbrev  0x000000000000879d       0x14 /usr/lib/gcc/arm-none-eabi/10.3.1/thumb/v7e-m+fp/hard/libgcc.a(_arm_cmpdf2.o)
 .debug_abbrev  0x00000000000087b1       0x14 /usr/lib/gcc/arm-none-eabi/10.3.1/thumb/v7e-m+fp/hard/libgcc.a(_arm_unorddf2.o)
 .debug_abbrev  0x00000000000087c5       0x14 /usr/lib/gcc/arm-none-eabi/10.3.1/thumb/v7e-m+fp/hard/libgcc.a(_arm_fixdfsi.o)
 .debug_abbrev  0x00000000000087d9       0x14 /usr/lib/gcc/arm-none-eabi/10.3.1/thumb/v7e-m+fp/hard/libgcc.a(_aeabi_uldivmod.o)
 .debug_abbrev  0x00000000000087ed      0x163 /usr/lib/gcc/arm-none-eabi/10.3.1/thumb/v7e-m+fp/hard/libgcc.a(_udivmoddi4.o)
 .debug_abbrev  0x0000000000008950       0x14 /usr/lib/gcc/arm-none-eabi/10.3.1/thumb/v7e-m+fp/hard/libgcc.a(_dvmd_tls.o)
 .debug_abbrev  0x0000000000008964       0x6d /usr/lib/gcc/arm-none-eabi/10.3.1/../../../arm-none-eabi/lib/thumb/v7e-m+fp/hard/libnosys.a(close.o)
 .debug_abbrev  0x00000000000089d1       0xcc /usr/lib/gcc/arm-none-eabi/10.3.1/../../../arm-none-eabi/lib/thumb/v7e-m+fp/hard/libnosys.a(fstat.o)
 .debug_abbrev  0x0000000000008a9d       0x59 /usr/lib/gcc/arm-none-eabi/10.3.1/../../../arm-none-eabi/lib/thumb/v7e-m+fp/hard/libnosys.a(getpid.o)
 .debug_abbrev  0x0000000000008af6       0x6d /usr/lib/gcc/arm-none-eabi/10.3.1/../../../arm-none-eabi/lib/thumb/v7e-m+fp/hard/libnosys.a(isatty.o)
 .debug_abbrev  0x0000000000008b63       0x7e /usr/lib/gcc/arm-none-eabi/10.3.1/../../../arm-none-eabi/lib/thumb/v7e-m+fp/hard/libnosys.a(kill.o)
 .debug_abbrev  0x0000000000008be1       0x92 /usr/lib/gcc/arm-none-eabi/10.3.1/../../../arm-none-eabi/lib/thumb/v7e-m+fp/hard/libnosys.a(lseek.o)
 .debug_abbrev  0x0000000000008c73       0x9b /usr/lib/gcc/arm-none-eabi/10.3.1/../../../arm-none-eabi/lib/thumb/v7e-m+fp/hard/libnosys.a(read.o)
 .debug_abbrev  0x0000000000008d0e       0xa2 /usr/lib/gcc/arm-none-eabi/10.3.1/../../../arm-none-eabi/lib/thumb/v7e-m+fp/hard/libnosys.a(sbrk.o)
 .debug_abbrev  0x0000000000008db0       0x9b /usr/lib/gcc/arm-none-eabi/10.3.1/../../../arm-none-eabi/lib/thumb/v7e-m+fp/hard/libnosys.a(write.o)
 .debug_abbrev  0x0000000000008e4b       0x6a /usr/lib/gcc/arm-none-eabi/10.3.1/../../../arm-none-eabi/lib/thumb/v7e-m+fp/hard/libnosys.a(_exit.o)

.debug_loc      0x0000000000000000    0x18991
 .debug_loc     0x0000000000000000       0xdb sdram.o
 .debug_loc     0x00000000000000db       0x3a clock.o
 .debug_loc     0x0000000000000115      0x1f3 console.o
 .debug_loc     0x0000000000000308      0x475 lcd-spi.o
 .debug_loc     0x000000000000077d     0x165a gfx.o
 .debug_loc     0x0000000000001dd7      0x206 lcd-serial.o
 .debug_loc     0x0000000000001fdd      0x590 /home/josemario/UCR/IS-2023/LaboratorioMicrocontroladores/Laboratorio4/libopencm3-examples/libopencm3/lib/libopencm3_stm32f4.a(fmc_common_f47.o)
 .debug_loc     0x000000000000256d       0xbe /home/josemario/UCR/IS-2023/LaboratorioMicrocontroladores/Laboratorio4/libopencm3-examples/libopencm3/lib/libopencm3_stm32f4.a(gpio_common_all.o)
 .debug_loc     0x000000000000262b      0x14f /home/josemario/UCR/IS-2023/LaboratorioMicrocontroladores/Laboratorio4/libopencm3-examples/libopencm3/lib/libopencm3_stm32f4.a(gpio_common_f0234.o)
 .debug_loc     0x000000000000277a      0x120 /home/josemario/UCR/IS-2023/LaboratorioMicrocontroladores/Laboratorio4/libopencm3-examples/libopencm3/lib/libopencm3_stm32f4.a(rcc_common_all.o)
 .debug_loc     0x000000000000289a      0x867 /home/josemario/UCR/IS-2023/LaboratorioMicrocontroladores/Laboratorio4/libopencm3-examples/libopencm3/lib/libopencm3_stm32f4.a(rcc.o)
 .debug_loc     0x0000000000003101      0x170 /home/josemario/UCR/IS-2023/LaboratorioMicrocontroladores/Laboratorio4/libopencm3-examples/libopencm3/lib/libopencm3_stm32f4.a(spi_common_all.o)
 .debug_loc     0x0000000000003271      0x149 /home/josemario/UCR/IS-2023/LaboratorioMicrocontroladores/Laboratorio4/libopencm3-examples/libopencm3/lib/libopencm3_stm32f4.a(spi_common_v1.o)
 .debug_loc     0x00000000000033ba      0x2cc /home/josemario/UCR/IS-2023/LaboratorioMicrocontroladores/Laboratorio4/libopencm3-examples/libopencm3/lib/libopencm3_stm32f4.a(usart_common_all.o)
 .debug_loc     0x0000000000003686      0x128 /home/josemario/UCR/IS-2023/LaboratorioMicrocontroladores/Laboratorio4/libopencm3-examples/libopencm3/lib/libopencm3_stm32f4.a(vector.o)
 .debug_loc     0x00000000000037ae      0x192 /home/josemario/UCR/IS-2023/LaboratorioMicrocontroladores/Laboratorio4/libopencm3-examples/libopencm3/lib/libopencm3_stm32f4.a(systick.o)
 .debug_loc     0x0000000000003940       0x25 /home/josemario/UCR/IS-2023/LaboratorioMicrocontroladores/Laboratorio4/libopencm3-examples/libopencm3/lib/libopencm3_stm32f4.a(scb.o)
 .debug_loc     0x0000000000003965      0x14d /home/josemario/UCR/IS-2023/LaboratorioMicrocontroladores/Laboratorio4/libopencm3-examples/libopencm3/lib/libopencm3_stm32f4.a(nvic.o)
 .debug_loc     0x0000000000003ab2       0x47 /home/josemario/UCR/IS-2023/LaboratorioMicrocontroladores/Laboratorio4/libopencm3-examples/libopencm3/lib/libopencm3_stm32f4.a(flash_common_all.o)
 .debug_loc     0x0000000000003af9       0x47 /home/josemario/UCR/IS-2023/LaboratorioMicrocontroladores/Laboratorio4/libopencm3-examples/libopencm3/lib/libopencm3_stm32f4.a(pwr.o)
 .debug_loc     0x0000000000003b40       0xb7 /usr/lib/gcc/arm-none-eabi/10.3.1/../../../arm-none-eabi/lib/thumb/v7e-m+fp/hard/libc.a(lib_a-sprintf.o)
 .debug_loc     0x0000000000003bf7     0x340a /usr/lib/gcc/arm-none-eabi/10.3.1/../../../arm-none-eabi/lib/thumb/v7e-m+fp/hard/libc.a(lib_a-svfprintf.o)
 .debug_loc     0x0000000000007001     0x3328 /usr/lib/gcc/arm-none-eabi/10.3.1/../../../arm-none-eabi/lib/thumb/v7e-m+fp/hard/libc.a(lib_a-dtoa.o)
 .debug_loc     0x000000000000a329       0x6f /usr/lib/gcc/arm-none-eabi/10.3.1/../../../arm-none-eabi/lib/thumb/v7e-m+fp/hard/libc.a(lib_a-localeconv.o)
 .debug_loc     0x000000000000a398      0xea2 /usr/lib/gcc/arm-none-eabi/10.3.1/../../../arm-none-eabi/lib/thumb/v7e-m+fp/hard/libc.a(lib_a-mallocr.o)
 .debug_loc     0x000000000000b23a     0x2704 /usr/lib/gcc/arm-none-eabi/10.3.1/../../../arm-none-eabi/lib/thumb/v7e-m+fp/hard/libc.a(lib_a-mprec.o)
 .debug_loc     0x000000000000d93e       0x6c /usr/lib/gcc/arm-none-eabi/10.3.1/../../../arm-none-eabi/lib/thumb/v7e-m+fp/hard/libc.a(lib_a-sbrkr.o)
 .debug_loc     0x000000000000d9aa     0x1658 /usr/lib/gcc/arm-none-eabi/10.3.1/../../../arm-none-eabi/lib/thumb/v7e-m+fp/hard/libc.a(lib_a-svfiprintf.o)
 .debug_loc     0x000000000000f002      0x185 /usr/lib/gcc/arm-none-eabi/10.3.1/../../../arm-none-eabi/lib/thumb/v7e-m+fp/hard/libc.a(lib_a-assert.o)
 .debug_loc     0x000000000000f187      0x2d6 /usr/lib/gcc/arm-none-eabi/10.3.1/../../../arm-none-eabi/lib/thumb/v7e-m+fp/hard/libc.a(lib_a-callocr.o)
 .debug_loc     0x000000000000f45d       0xa6 /usr/lib/gcc/arm-none-eabi/10.3.1/../../../arm-none-eabi/lib/thumb/v7e-m+fp/hard/libc.a(lib_a-fiprintf.o)
 .debug_loc     0x000000000000f503      0x6cc /usr/lib/gcc/arm-none-eabi/10.3.1/../../../arm-none-eabi/lib/thumb/v7e-m+fp/hard/libc.a(lib_a-freer.o)
 .debug_loc     0x000000000000fbcf      0x27d /usr/lib/gcc/arm-none-eabi/10.3.1/../../../arm-none-eabi/lib/thumb/v7e-m+fp/hard/libc.a(lib_a-locale.o)
 .debug_loc     0x000000000000fe4c      0x21d /usr/lib/gcc/arm-none-eabi/10.3.1/../../../arm-none-eabi/lib/thumb/v7e-m+fp/hard/libc.a(lib_a-mbtowc_r.o)
 .debug_loc     0x0000000000010069      0x34f /usr/lib/gcc/arm-none-eabi/10.3.1/../../../arm-none-eabi/lib/thumb/v7e-m+fp/hard/libc.a(lib_a-memmove.o)
 .debug_loc     0x00000000000103b8      0x22c /usr/lib/gcc/arm-none-eabi/10.3.1/../../../arm-none-eabi/lib/thumb/v7e-m+fp/hard/libc.a(lib_a-memset.o)
 .debug_loc     0x00000000000105e4     0x17d9 /usr/lib/gcc/arm-none-eabi/10.3.1/../../../arm-none-eabi/lib/thumb/v7e-m+fp/hard/libc.a(lib_a-reallocr.o)
 .debug_loc     0x0000000000011dbd      0x23e /usr/lib/gcc/arm-none-eabi/10.3.1/../../../arm-none-eabi/lib/thumb/v7e-m+fp/hard/libc.a(lib_a-reent.o)
 .debug_loc     0x0000000000011ffb     0x23a3 /usr/lib/gcc/arm-none-eabi/10.3.1/../../../arm-none-eabi/lib/thumb/v7e-m+fp/hard/libc.a(lib_a-vfiprintf.o)
 .debug_loc     0x000000000001439e      0x13a /usr/lib/gcc/arm-none-eabi/10.3.1/../../../arm-none-eabi/lib/thumb/v7e-m+fp/hard/libc.a(lib_a-wctomb_r.o)
 .debug_loc     0x00000000000144d8       0xe7 /usr/lib/gcc/arm-none-eabi/10.3.1/../../../arm-none-eabi/lib/thumb/v7e-m+fp/hard/libc.a(lib_a-wsetup.o)
 .debug_loc     0x00000000000145bf      0x441 /usr/lib/gcc/arm-none-eabi/10.3.1/../../../arm-none-eabi/lib/thumb/v7e-m+fp/hard/libc.a(lib_a-fflush.o)
 .debug_loc     0x0000000000014a00      0x3cc /usr/lib/gcc/arm-none-eabi/10.3.1/../../../arm-none-eabi/lib/thumb/v7e-m+fp/hard/libc.a(lib_a-findfp.o)
 .debug_loc     0x0000000000014dcc      0x396 /usr/lib/gcc/arm-none-eabi/10.3.1/../../../arm-none-eabi/lib/thumb/v7e-m+fp/hard/libc.a(lib_a-fputwc.o)
 .debug_loc     0x0000000000015162      0x76c /usr/lib/gcc/arm-none-eabi/10.3.1/../../../arm-none-eabi/lib/thumb/v7e-m+fp/hard/libc.a(lib_a-fvwrite.o)
 .debug_loc     0x00000000000158ce      0x1bf /usr/lib/gcc/arm-none-eabi/10.3.1/../../../arm-none-eabi/lib/thumb/v7e-m+fp/hard/libc.a(lib_a-fwalk.o)
 .debug_loc     0x0000000000015a8d      0x39f /usr/lib/gcc/arm-none-eabi/10.3.1/../../../arm-none-eabi/lib/thumb/v7e-m+fp/hard/libc.a(lib_a-makebuf.o)
 .debug_loc     0x0000000000015e2c      0x967 /usr/lib/gcc/arm-none-eabi/10.3.1/../../../arm-none-eabi/lib/thumb/v7e-m+fp/hard/libc.a(lib_a-signal.o)
 .debug_loc     0x0000000000016793       0xd0 /usr/lib/gcc/arm-none-eabi/10.3.1/../../../arm-none-eabi/lib/thumb/v7e-m+fp/hard/libc.a(lib_a-signalr.o)
 .debug_loc     0x0000000000016863      0x3a0 /usr/lib/gcc/arm-none-eabi/10.3.1/../../../arm-none-eabi/lib/thumb/v7e-m+fp/hard/libc.a(lib_a-stdio.o)
 .debug_loc     0x0000000000016c03      0x1b0 /usr/lib/gcc/arm-none-eabi/10.3.1/../../../arm-none-eabi/lib/thumb/v7e-m+fp/hard/libc.a(lib_a-wbuf.o)
 .debug_loc     0x0000000000016db3      0x2b1 /usr/lib/gcc/arm-none-eabi/10.3.1/../../../arm-none-eabi/lib/thumb/v7e-m+fp/hard/libc.a(lib_a-wcrtomb.o)
 .debug_loc     0x0000000000017064       0xf7 /usr/lib/gcc/arm-none-eabi/10.3.1/../../../arm-none-eabi/lib/thumb/v7e-m+fp/hard/libc.a(lib_a-writer.o)
 .debug_loc     0x000000000001715b       0x6c /usr/lib/gcc/arm-none-eabi/10.3.1/../../../arm-none-eabi/lib/thumb/v7e-m+fp/hard/libc.a(lib_a-closer.o)
 .debug_loc     0x00000000000171c7      0x2f1 /usr/lib/gcc/arm-none-eabi/10.3.1/../../../arm-none-eabi/lib/thumb/v7e-m+fp/hard/libc.a(lib_a-fclose.o)
 .debug_loc     0x00000000000174b8       0xab /usr/lib/gcc/arm-none-eabi/10.3.1/../../../arm-none-eabi/lib/thumb/v7e-m+fp/hard/libc.a(lib_a-fstatr.o)
 .debug_loc     0x0000000000017563       0x6c /usr/lib/gcc/arm-none-eabi/10.3.1/../../../arm-none-eabi/lib/thumb/v7e-m+fp/hard/libc.a(lib_a-isattyr.o)
 .debug_loc     0x00000000000175cf       0xf7 /usr/lib/gcc/arm-none-eabi/10.3.1/../../../arm-none-eabi/lib/thumb/v7e-m+fp/hard/libc.a(lib_a-lseekr.o)
 .debug_loc     0x00000000000176c6       0xf7 /usr/lib/gcc/arm-none-eabi/10.3.1/../../../arm-none-eabi/lib/thumb/v7e-m+fp/hard/libc.a(lib_a-readr.o)
 .debug_loc     0x00000000000177bd     0x100f /usr/lib/gcc/arm-none-eabi/10.3.1/thumb/v7e-m+fp/hard/libgcc.a(_udivmoddi4.o)
 .debug_loc     0x00000000000187cc       0x25 /usr/lib/gcc/arm-none-eabi/10.3.1/../../../arm-none-eabi/lib/thumb/v7e-m+fp/hard/libnosys.a(close.o)
 .debug_loc     0x00000000000187f1       0x25 /usr/lib/gcc/arm-none-eabi/10.3.1/../../../arm-none-eabi/lib/thumb/v7e-m+fp/hard/libnosys.a(fstat.o)
 .debug_loc     0x0000000000018816       0x25 /usr/lib/gcc/arm-none-eabi/10.3.1/../../../arm-none-eabi/lib/thumb/v7e-m+fp/hard/libnosys.a(isatty.o)
 .debug_loc     0x000000000001883b       0x25 /usr/lib/gcc/arm-none-eabi/10.3.1/../../../arm-none-eabi/lib/thumb/v7e-m+fp/hard/libnosys.a(kill.o)
 .debug_loc     0x0000000000018860       0x4a /usr/lib/gcc/arm-none-eabi/10.3.1/../../../arm-none-eabi/lib/thumb/v7e-m+fp/hard/libnosys.a(lseek.o)
 .debug_loc     0x00000000000188aa       0x4a /usr/lib/gcc/arm-none-eabi/10.3.1/../../../arm-none-eabi/lib/thumb/v7e-m+fp/hard/libnosys.a(read.o)
 .debug_loc     0x00000000000188f4       0x3e /usr/lib/gcc/arm-none-eabi/10.3.1/../../../arm-none-eabi/lib/thumb/v7e-m+fp/hard/libnosys.a(sbrk.o)
 .debug_loc     0x0000000000018932       0x4a /usr/lib/gcc/arm-none-eabi/10.3.1/../../../arm-none-eabi/lib/thumb/v7e-m+fp/hard/libnosys.a(write.o)
 .debug_loc     0x000000000001897c       0x15 /usr/lib/gcc/arm-none-eabi/10.3.1/../../../arm-none-eabi/lib/thumb/v7e-m+fp/hard/libnosys.a(_exit.o)

.debug_aranges  0x0000000000000000     0x1098
 .debug_aranges
                0x0000000000000000       0x20 sdram.o
 .debug_aranges
                0x0000000000000020       0x38 clock.o
 .debug_aranges
                0x0000000000000058       0x48 console.o
 .debug_aranges
                0x00000000000000a0       0x40 lcd-spi.o
 .debug_aranges
                0x00000000000000e0       0xf8 gfx.o
 .debug_aranges
                0x00000000000001d8       0x30 lcd-serial.o